Component: ARM Compiler 5.06 update 7 (build 960) Tool: armlink [4d3601]

==============================================================================

Section Cross References

    startup_stm32f072xb.o(RESET) refers to startup_stm32f072xb.o(STACK) for __initial_sp
    startup_stm32f072xb.o(RESET) refers to startup_stm32f072xb.o(.text) for Reset_Handler
    startup_stm32f072xb.o(RESET) refers to stm32f0xx_it.o(i.NMI_Handler) for NMI_Handler
    startup_stm32f072xb.o(RESET) refers to stm32f0xx_it.o(i.HardFault_Handler) for HardFault_Handler
    startup_stm32f072xb.o(RESET) refers to stm32f0xx_it.o(i.SVC_Handler) for SVC_Handler
    startup_stm32f072xb.o(RESET) refers to stm32f0xx_it.o(i.PendSV_Handler) for PendSV_Handler
    startup_stm32f072xb.o(RESET) refers to stm32f0xx_it.o(i.SysTick_Handler) for SysTick_Handler
    startup_stm32f072xb.o(RESET) refers to stm32f0xx_it.o(i.DMA1_Channel1_IRQHandler) for DMA1_Channel1_IRQHandler
    startup_stm32f072xb.o(RESET) refers to stm32f0xx_it.o(i.DMA1_Channel2_3_IRQHandler) for DMA1_Channel2_3_IRQHandler
    startup_stm32f072xb.o(RESET) refers to stm32f0xx_it.o(i.TIM1_BRK_UP_TRG_COM_IRQHandler) for TIM1_BRK_UP_TRG_COM_IRQHandler
    startup_stm32f072xb.o(RESET) refers to stm32f0xx_it.o(i.TIM7_IRQHandler) for TIM7_IRQHandler
    startup_stm32f072xb.o(.text) refers to system_stm32f0xx.o(i.SystemInit) for SystemInit
    startup_stm32f072xb.o(.text) refers to entry.o(.ARM.Collect$$$$00000000) for __main
    main.o(i.SystemClock_Config) refers to memseta.o(.text) for __aeabi_memclr4
    main.o(i.SystemClock_Config) refers to stm32f0xx_hal_rcc.o(i.HAL_RCC_OscConfig) for HAL_RCC_OscConfig
    main.o(i.SystemClock_Config) refers to main.o(i.Error_Handler) for Error_Handler
    main.o(i.SystemClock_Config) refers to stm32f0xx_hal_rcc.o(i.HAL_RCC_ClockConfig) for HAL_RCC_ClockConfig
    main.o(i.main) refers to stm32f0xx_hal.o(i.HAL_Init) for HAL_Init
    main.o(i.main) refers to main.o(i.SystemClock_Config) for SystemClock_Config
    main.o(i.main) refers to gpio.o(i.MX_GPIO_Init) for MX_GPIO_Init
    main.o(i.main) refers to dma.o(i.MX_DMA_Init) for MX_DMA_Init
    main.o(i.main) refers to spi.o(i.MX_SPI1_Init) for MX_SPI1_Init
    main.o(i.main) refers to tim.o(i.MX_TIM16_Init) for MX_TIM16_Init
    main.o(i.main) refers to adc.o(i.MX_ADC_Init) for MX_ADC_Init
    main.o(i.main) refers to tim.o(i.MX_TIM1_Init) for MX_TIM1_Init
    main.o(i.main) refers to dac.o(i.MX_DAC_Init) for MX_DAC_Init
    main.o(i.main) refers to tim.o(i.MX_TIM3_Init) for MX_TIM3_Init
    main.o(i.main) refers to tim.o(i.MX_TIM7_Init) for MX_TIM7_Init
    main.o(i.main) refers to tim.o(i.MX_TIM2_Init) for MX_TIM2_Init
    main.o(i.main) refers to tim.o(i.MX_TIM15_Init) for MX_TIM15_Init
    main.o(i.main) refers to user.o(i.User_Init) for User_Init
    main.o(i.main) refers to user.o(i.User_Loop) for User_Loop
    gpio.o(i.MX_GPIO_Init) refers to memseta.o(.text) for __aeabi_memclr4
    gpio.o(i.MX_GPIO_Init) refers to stm32f0xx_hal_gpio.o(i.HAL_GPIO_WritePin) for HAL_GPIO_WritePin
    gpio.o(i.MX_GPIO_Init) refers to stm32f0xx_hal_gpio.o(i.HAL_GPIO_Init) for HAL_GPIO_Init
    adc.o(i.HAL_ADC_MspDeInit) refers to stm32f0xx_hal_gpio.o(i.HAL_GPIO_DeInit) for HAL_GPIO_DeInit
    adc.o(i.HAL_ADC_MspDeInit) refers to stm32f0xx_hal_dma.o(i.HAL_DMA_DeInit) for HAL_DMA_DeInit
    adc.o(i.HAL_ADC_MspInit) refers to memseta.o(.text) for __aeabi_memclr4
    adc.o(i.HAL_ADC_MspInit) refers to stm32f0xx_hal_gpio.o(i.HAL_GPIO_Init) for HAL_GPIO_Init
    adc.o(i.HAL_ADC_MspInit) refers to stm32f0xx_hal_dma.o(i.HAL_DMA_Init) for HAL_DMA_Init
    adc.o(i.HAL_ADC_MspInit) refers to main.o(i.Error_Handler) for Error_Handler
    adc.o(i.HAL_ADC_MspInit) refers to adc.o(.bss) for .bss
    adc.o(i.MX_ADC_Init) refers to stm32f0xx_hal_adc.o(i.HAL_ADC_Init) for HAL_ADC_Init
    adc.o(i.MX_ADC_Init) refers to main.o(i.Error_Handler) for Error_Handler
    adc.o(i.MX_ADC_Init) refers to stm32f0xx_hal_adc.o(i.HAL_ADC_ConfigChannel) for HAL_ADC_ConfigChannel
    adc.o(i.MX_ADC_Init) refers to stm32f0xx_hal_adc_ex.o(i.HAL_ADCEx_Calibration_Start) for HAL_ADCEx_Calibration_Start
    adc.o(i.MX_ADC_Init) refers to adc.o(.bss) for .bss
    dac.o(i.HAL_DAC_MspDeInit) refers to stm32f0xx_hal_gpio.o(i.HAL_GPIO_DeInit) for HAL_GPIO_DeInit
    dac.o(i.HAL_DAC_MspDeInit) refers to stm32f0xx_hal_dma.o(i.HAL_DMA_DeInit) for HAL_DMA_DeInit
    dac.o(i.HAL_DAC_MspInit) refers to memseta.o(.text) for __aeabi_memclr4
    dac.o(i.HAL_DAC_MspInit) refers to stm32f0xx_hal_gpio.o(i.HAL_GPIO_Init) for HAL_GPIO_Init
    dac.o(i.HAL_DAC_MspInit) refers to stm32f0xx_hal_dma.o(i.HAL_DMA_Init) for HAL_DMA_Init
    dac.o(i.HAL_DAC_MspInit) refers to main.o(i.Error_Handler) for Error_Handler
    dac.o(i.HAL_DAC_MspInit) refers to dac.o(.bss) for .bss
    dac.o(i.MX_DAC_Init) refers to stm32f0xx_hal_dac.o(i.HAL_DAC_Init) for HAL_DAC_Init
    dac.o(i.MX_DAC_Init) refers to main.o(i.Error_Handler) for Error_Handler
[...]
    .constdata                               0x0800a088   Section    12320  st7789.o(.constdata)
    .constdata                               0x0800d0a8   Section      200  user.o(.constdata)
    .constdata                               0x0800d170   Section      358  menu.o(.constdata)
    .constdata                               0x0800d2d8   Section       28  fft_handle.o(.constdata)
    .constdata                               0x0800d2f4   Section     2048  commontables.o(.constdata)
    .constdata                               0x0800daf4   Section      880  commontables.o(.constdata)
    .constdata                               0x0800de64   Section       16  commontables.o(.constdata)
    .constdata                               0x0800de78   Section       48  cos_i.o(.constdata)
    C                                        0x0800de78   Data          48  cos_i.o(.constdata)
    .constdata                               0x0800dea8   Section      200  rred.o(.constdata)
    pio2s                                    0x0800dea8   Data          48  rred.o(.constdata)
    twooverpi                                0x0800ded8   Data         152  rred.o(.constdata)
    .constdata                               0x0800df70   Section       40  sin_i.o(.constdata)
    S                                        0x0800df70   Data          40  sin_i.o(.constdata)
    .data                                    0x20000000   Section       12  stm32f0xx_hal.o(.data)
    .data                                    0x2000000c   Section        4  system_stm32f0xx.o(.data)
    .data                                    0x20000010   Section       11  user.o(.data)
    .data                                    0x20000020   Section      216  adc_samp.o(.data)
    Last_State                               0x20000029   Data           1  adc_samp.o(.data)
    Last_Rate                                0x2000002a   Data           1  adc_samp.o(.data)
    .data                                    0x200000f8   Section        1  adc_samp.o(.data)
    .data                                    0x200000f9   Section        1  adc_samp.o(.data)
    .data                                    0x200000fc   Section       72  menu.o(.data)
    Last_Freq_Level                          0x2000010a   Data           1  menu.o(.data)
    Last_Freq_Max                            0x2000010b   Data           1  menu.o(.data)
    Last_Freq_Level                          0x2000010c   Data           1  menu.o(.data)
    Last_Freq_Max                            0x2000010d   Data           1  menu.o(.data)
    Last_Cnt                                 0x20000114   Data           2  menu.o(.data)
    Show_Wave_Tick                           0x20000120   Data           4  menu.o(.data)
    Oscilloscope_Show_Tick                   0x20000124   Data           4  menu.o(.data)
    .data                                    0x20000144   Section        1  menu.o(.data)
    .data                                    0x20000148   Section        8  wave.o(.data)
    Last_Duty                                0x2000014c   Data           4  wave.o(.data)
    .data                                    0x20000150   Section       20  fft_handle.o(.data)
    .data                                    0x20000164   Section        4  errno.o(.data)
    _errno                                   0x20000164   Data           4  errno.o(.data)
    .bss                                     0x20000168   Section      144  adc.o(.bss)
    .bss                                     0x200001f8   Section       88  dac.o(.bss)
    .bss                                     0x20000250   Section      100  spi.o(.bss)
    .bss                                     0x200002b4   Section      432  tim.o(.bss)
    .bss                                     0x20000464   Section       16  st7789.o(.bss)
    .bss                                     0x20000474   Section      120  user.o(.bss)
    Key                                      0x20000474   Data         120  user.o(.bss)
    .bss                                     0x200004f0   Section     6640  adc_samp.o(.bss)
    .bss                                     0x20001ee0   Section     2760  menu.o(.bss)
    .bss                                     0x200029a8   Section       60  key.o(.bss)
    .bss                                     0x200029e4   Section     1440  wave.o(.bss)
    .bss                                     0x20002f84   Section     2048  fft_handle.o(.bss)
    STACK                                    0x20003788   Section     1024  startup_stm32f072xb.o(STACK)

    Global Symbols

    Symbol Name                              Value     Ov Type        Size  Object(Section)

    BuildAttributes$$THM_ISAv3M$S$PE$A:L22$X:L11$S22$IEEE1$IW$USESV6$~STKCKD$USESV7$~SHL$OTIME$ROPI$IEEEX$EBA8$MICROLIB$REQ8$PRES8$EABIv2 0x00000000   Number         0  anon$$obj.o ABSOLUTE
    __ARM_use_no_argv                        0x00000000   Number         0  main.o ABSOLUTE
    _printf_a                                0x00000000   Number         0  stubs.o ABSOLUTE
    _printf_c                                0x00000000   Number         0  stubs.o ABSOLUTE
    _printf_charcount                        0x00000000   Number         0  stubs.o ABSOLUTE
    _printf_d                                0x00000000   Number         0  stubs.o ABSOLUTE
    _printf_e                                0x00000000   Number         0  stubs.o ABSOLUTE
    _printf_f                                0x00000000   Number         0  stubs.o ABSOLUTE
    _printf_flags                            0x00000000   Number         0  stubs.o ABSOLUTE
    _printf_fp_dec                           0x00000000   Number         0  stubs.o ABSOLUTE
    _printf_fp_hex                           0x00000000   Number         0  stubs.o ABSOLUTE
    _printf_g                                0x00000000   Number         0  stubs.o ABSOLUTE
    _printf_i                                0x00000000   Number         0  stubs.o ABSOLUTE
    _printf_int_dec                          0x00000000   Number         0  stubs.o ABSOLUTE
    _printf_l                                0x00000000   Number         0  stubs.o ABSOLUTE
    _printf_lc                               0x00000000   Number         0  stubs.o ABSOLUTE
    _printf_ll                               0x00000000   Number         0  stubs.o ABSOLUTE
    _printf_lld                              0x00000000   Number         0  stubs.o ABSOLUTE
    _printf_lli                              0x00000000   Number         0  stubs.o ABSOLUTE
    _printf_llo                              0x00000000   Number         0  stubs.o ABSOLUTE
    _printf_llu                              0x00000000   Number         0  stubs.o ABSOLUTE
    _printf_llx                              0x00000000   Number         0  stubs.o ABSOLUTE
    _printf_longlong_dec                     0x00000000   Number         0  stubs.o ABSOLUTE
    _printf_longlong_hex                     0x00000000   Number         0  stubs.o ABSOLUTE
    _printf_longlong_oct                     0x00000000   Number         0  stubs.o ABSOLUTE
    _printf_ls                               0x00000000   Number         0  stubs.o ABSOLUTE
    _printf_mbtowc                           0x00000000   Number         0  stubs.o ABSOLUTE
    _printf_n                                0x00000000   Number         0  stubs.o ABSOLUTE
    _printf_o                                0x00000000   Number         0  stubs.o ABSOLUTE
    _printf_p                                0x00000000   Number         0  stubs.o ABSOLUTE
    _printf_percent                          0x00000000   Number         0  stubs.o ABSOLUTE
    _printf_pre_padding                      0x00000000   Number         0  stubs.o ABSOLUTE
    _printf_return_value                     0x00000000   Number         0  stubs.o ABSOLUTE
    _printf_s                                0x00000000   Number         0  stubs.o ABSOLUTE
    _printf_sizespec                         0x00000000   Number         0  stubs.o ABSOLUTE
    _printf_str                              0x00000000   Number         0  stubs.o ABSOLUTE
    _printf_truncate_signed                  0x00000000   Number         0  stubs.o ABSOLUTE
    _printf_truncate_unsigned                0x00000000   Number         0  stubs.o ABSOLUTE
    _printf_u                                0x00000000   Number         0  stubs.o ABSOLUTE
    _printf_wc                               0x00000000   Number         0  stubs.o ABSOLUTE
    _printf_wctomb                           0x00000000   Number         0  stubs.o ABSOLUTE
    _printf_widthprec                        0x00000000   Number         0  stubs.o ABSOLUTE
    _printf_x                                0x00000000   Number         0  stubs.o ABSOLUTE
    __arm_fini_                               - Undefined Weak Reference
    __cpp_initialize__aeabi_                  - Undefined Weak Reference
    __cxa_finalize                            - Undefined Weak Reference
    _clock_init                               - Undefined Weak Reference
    _microlib_exit                            - Undefined Weak Reference
    __Vectors_Size                           0x000000c0   Number         0  startup_stm32f072xb.o ABSOLUTE
    __Vectors                                0x08000000   Data           4  startup_stm32f072xb.o(RESET)
    __Vectors_End                            0x080000c0   Data           0  startup_stm32f072xb.o(RESET)
    __main                                   0x080000c1   Thumb Code     0  entry.o(.ARM.Collect$$$$00000000)
    _main_stk                                0x080000c1   Thumb Code     0  entry2.o(.ARM.Collect$$$$00000001)
    _main_scatterload                        0x080000c5   Thumb Code     0  entry5.o(.ARM.Collect$$$$00000004)
    __main_after_scatterload                 0x080000c9   Thumb Code     0  entry5.o(.ARM.Collect$$$$00000004)
    _main_clock                              0x080000c9   Thumb Code     0  entry7b.o(.ARM.Collect$$$$00000008)
    _main_cpp_init                           0x080000c9   Thumb Code     0  entry8b.o(.ARM.Collect$$$$0000000A)
    _main_init                               0x080000c9   Thumb Code     0  entry9a.o(.ARM.Collect$$$$0000000B)
    __rt_lib_shutdown_fini                   0x080000d1   Thumb Code     0  entry12b.o(.ARM.Collect$$$$0000000E)
    __rt_final_cpp                           0x080000d5   Thumb Code     0  entry10a.o(.ARM.Collect$$$$0000000F)
    __rt_final_exit                          0x080000d5   Thumb Code     0  entry11a.o(.ARM.Collect$$$$00000011)
    Reset_Handler                            0x080000d9   Thumb Code     8  startup_stm32f072xb.o(.text)
    ADC1_COMP_IRQHandler                     0x080000eb   Thumb Code     0  startup_stm32f072xb.o(.text)
    CEC_CAN_IRQHandler                       0x080000eb   Thumb Code     0  startup_stm32f072xb.o(.text)
    DMA1_Channel4_5_6_7_IRQHandler           0x080000eb   Thumb Code     0  startup_stm32f072xb.o(.text)
    EXTI0_1_IRQHandler                       0x080000eb   Thumb Code     0  startup_stm32f072xb.o(.text)
    EXTI2_3_IRQHandler                       0x080000eb   Thumb Code     0  startup_stm32f072xb.o(.text)
    EXTI4_15_IRQHandler                      0x080000eb   Thumb Code     0  startup_stm32f072xb.o(.text)
    FLASH_IRQHandler                         0x080000eb   Thumb Code     0  startup_stm32f072xb.o(.text)
    I2C1_IRQHandler                          0x080000eb   Thumb Code     0  startup_stm32f072xb.o(.text)
    I2C2_IRQHandler                          0x080000eb   Thumb Code     0  startup_stm32f072xb.o(.text)
    PVD_VDDIO2_IRQHandler                    0x080000eb   Thumb Code     0  startup_stm32f072xb.o(.text)
    RCC_CRS_IRQHandler                       0x080000eb   Thumb Code     0  startup_stm32f072xb.o(.text)
    RTC_IRQHandler                           0x080000eb   Thumb Code     0  startup_stm32f072xb.o(.text)
    SPI1_IRQHandler                          0x080000eb   Thumb Code     0  startup_stm32f072xb.o(.text)
    SPI2_IRQHandler                          0x080000eb   Thumb Code     0  startup_stm32f072xb.o(.text)
    TIM14_IRQHandler                         0x080000eb   Thumb Code     0  startup_stm32f072xb.o(.text)
    TIM15_IRQHandler                         0x080000eb   Thumb Code     0  startup_stm32f072xb.o(.text)
    TIM16_IRQHandler                         0x080000eb   Thumb Code     0  startup_stm32f072xb.o(.text)
    TIM17_IRQHandler                         0x080000eb   Thumb Code     0  startup_stm32f072xb.o(.text)
    TIM1_CC_IRQHandler                       0x080000eb   Thumb Code     0  startup_stm32f072xb.o(.text)
    TIM2_IRQHandler                          0x080000eb   Thumb Code     0  startup_stm32f072xb.o(.text)
    TIM3_IRQHandler                          0x080000eb   Thumb Code     0  startup_stm32f072xb.o(.text)
    TIM6_DAC_IRQHandler                      0x080000eb   Thumb Code     0  startup_stm32f072xb.o(.text)
    TSC_IRQHandler                           0x080000eb   Thumb Code     0  startup_stm32f072xb.o(.text)
    USART1_IRQHandler                        0x080000eb   Thumb Code     0  startup_stm32f072xb.o(.text)
    USART2_IRQHandler                        0x080000eb   Thumb Code     0  startup_stm32f072xb.o(.text)
    USART3_4_IRQHandler                      0x080000eb   Thumb Code     0  startup_stm32f072xb.o(.text)
    USB_IRQHandler                           0x080000eb   Thumb Code     0  startup_stm32f072xb.o(.text)
    WWDG_IRQHandler                          0x080000eb   Thumb Code     0  startup_stm32f072xb.o(.text)
    __aeabi_uidiv                            0x080000f5   Thumb Code     0  uidiv.o(.text)
    __aeabi_uidivmod                         0x080000f5   Thumb Code    44  uidiv.o(.text)
    __aeabi_idiv                             0x08000121   Thumb Code     0  idiv.o(.text)
    __aeabi_idivmod                          0x08000121   Thumb Code    40  idiv.o(.text)
    __aeabi_uldivmod                         0x08000149   Thumb Code    96  uldiv.o(.text)
    __aeabi_llsl                             0x080001a9   Thumb Code    32  llshl.o(.text)
    _ll_shift_l                              0x080001a9   Thumb Code     0  llshl.o(.text)
    __aeabi_llsr                             0x080001c9   Thumb Code    34  llushr.o(.text)
    _ll_ushift_r                             0x080001c9   Thumb Code     0  llushr.o(.text)
    __aeabi_lasr                             0x080001eb   Thumb Code    38  llsshr.o(.text)
    _ll_sshift_r                             0x080001eb   Thumb Code     0  llsshr.o(.text)
    __aeabi_memcpy                           0x08000211   Thumb Code    36  memcpya.o(.text)
    __aeabi_memcpy4                          0x08000211   Thumb Code     0  memcpya.o(.text)
    __aeabi_memcpy8                          0x08000211   Thumb Code     0  memcpya.o(.text)
    __aeabi_memset                           0x08000235   Thumb Code    14  memseta.o(.text)
    __aeabi_memset4                          0x08000235   Thumb Code     0  memseta.o(.text)
    __aeabi_memset8                          0x08000235   Thumb Code     0  memseta.o(.text)
    __aeabi_memclr                           0x08000243   Thumb Code     4  memseta.o(.text)
    __aeabi_memclr4                          0x08000243   Thumb Code     0  memseta.o(.text)
    __aeabi_memclr8                          0x08000243   Thumb Code     0  memseta.o(.text)
    _memset$wrapper                          0x08000247   Thumb Code    18  memseta.o(.text)
    strlen                                   0x08000259   Thumb Code    14  strlen.o(.text)
    __aeabi_fadd                             0x08000267   Thumb Code   162  fadd.o(.text)
    __aeabi_fsub                             0x08000309   Thumb Code     8  fadd.o(.text)
    __aeabi_frsub                            0x08000311   Thumb Code     8  fadd.o(.text)
    __aeabi_fmul                             0x08000319   Thumb Code   122  fmul.o(.text)
    __aeabi_fdiv                             0x08000393   Thumb Code   124  fdiv.o(.text)
    __aeabi_dadd                             0x08000411   Thumb Code   330  dadd.o(.text)
    __aeabi_dsub                             0x0800055b   Thumb Code    12  dadd.o(.text)
    __aeabi_drsub                            0x08000567   Thumb Code    12  dadd.o(.text)
    __aeabi_dmul                             0x08000579   Thumb Code   202  dmul.o(.text)
    __aeabi_ddiv                             0x08000649   Thumb Code   234  ddiv.o(.text)
    __ARM_scalbn                             0x08000739   Thumb Code    44  dscalb.o(.text)
    scalbn                                   0x08000739   Thumb Code     0  dscalb.o(.text)
    __aeabi_ui2f                             0x08000765   Thumb Code    14  ffltui.o(.text)
    __aeabi_i2d                              0x08000775   Thumb Code    34  dflti.o(.text)
    __aeabi_ui2d                             0x0800079d   Thumb Code    24  dfltui.o(.text)
    __aeabi_f2uiz                            0x080007b9   Thumb Code    40  ffixui.o(.text)
    __aeabi_d2iz                             0x080007e1   Thumb Code    62  dfixi.o(.text)
    __aeabi_d2uiz                            0x08000829   Thumb Code    50  dfixui.o(.text)
    __aeabi_f2d                              0x08000865   Thumb Code    40  f2d.o(.text)
    __aeabi_cdcmpeq                          0x0800088d   Thumb Code     0  cdcmple.o(.text)
    __aeabi_cdcmple                          0x0800088d   Thumb Code    38  cdcmple.o(.text)
    __aeabi_cdrcmple                         0x080008b5   Thumb Code    38  cdrcmple.o(.text)
    __aeabi_d2f                              0x080008dd   Thumb Code    56  d2f.o(.text)
    __aeabi_cfcmpeq                          0x08000915   Thumb Code     0  cfcmple.o(.text)
    __aeabi_cfcmple                          0x08000915   Thumb Code    20  cfcmple.o(.text)
    __I$use$fp                               0x08000929   Thumb Code     0  iusefp.o(.text)
    _float_round                             0x08000929   Thumb Code    16  fepilogue.o(.text)
    _float_epilogue                          0x08000939   Thumb Code   114  fepilogue.o(.text)
    _fsqrt                                   0x080009ab   Thumb Code    88  fsqrt.o(.text)
    _double_round                            0x08000a03   Thumb Code    26  depilogue.o(.text)
    _double_epilogue                         0x08000a1d   Thumb Code   164  depilogue.o(.text)
    __aeabi_d2ulz                            0x08000ac1   Thumb Code    54  dfixul.o(.text)
    __scatterload                            0x08000b01   Thumb Code    28  init.o(.text)
    __scatterload_rt2                        0x08000b01   Thumb Code     0  init.o(.text)
    __decompress                             0x08000b25   Thumb Code     0  __dczerorl2.o(.text)
    __decompress1                            0x08000b25   Thumb Code    86  __dczerorl2.o(.text)
    ADC_DMA_Finish                           0x08000c5d   Thumb Code    70  adc_samp.o(i.ADC_DMA_Finish)
    ADC_Data_Handle                          0x08000cb9   Thumb Code   314  adc_samp.o(i.ADC_Data_Handle)
    ADC_Samp_Init                            0x08000f19   Thumb Code    12  adc_samp.o(i.ADC_Samp_Init)
    DAC_DMAConvCpltCh2                       0x08000f39   Thumb Code    16  stm32f0xx_hal_dac_ex.o(i.DAC_DMAConvCpltCh2)
    DAC_DMAErrorCh2                          0x08000f61   Thumb Code    24  stm32f0xx_hal_dac_ex.o(i.DAC_DMAErrorCh2)
    DAC_DMAHalfConvCpltCh2                   0x08000f83   Thumb Code    10  stm32f0xx_hal_dac_ex.o(i.DAC_DMAHalfConvCpltCh2)
    DMA1_Channel1_IRQHandler                 0x08000f8d   Thumb Code    10  stm32f0xx_it.o(i.DMA1_Channel1_IRQHandler)
    DMA1_Channel2_3_IRQHandler               0x08000f9d   Thumb Code    10  stm32f0xx_it.o(i.DMA1_Channel2_3_IRQHandler)
    Draw_4_Circle                            0x08000ffb   Thumb Code   202  st7789.o(i.Draw_4_Circle)
    Draw_Circle_Square                       0x080010c5   Thumb Code   156  st7789.o(i.Draw_Circle_Square)
    Draw_PWM_Picture                         0x08001161   Thumb Code   128  menu.o(i.Draw_PWM_Picture)
    Error_Handler                            0x080011e5   Thumb Code     4  main.o(i.Error_Handler)
    FFT_ADC_Handle                           0x080011e9   Thumb Code    50  adc_samp.o(i.FFT_ADC_Handle)
    FFT_Deinit                               0x08001225   Thumb Code    46  adc_samp.o(i.FFT_Deinit)
    FFT_Samp_Init                            0x08001261   Thumb Code    18  adc_samp.o(i.FFT_Samp_Init)
    Generate_Saw_Tooth                       0x08001279   Thumb Code   978  wave.o(i.Generate_Saw_Tooth)
    Generate_Sine                            0x080016c9   Thumb Code   306  wave.o(i.Generate_Sine)
    Generate_Square                          0x08001839   Thumb Code   440  wave.o(i.Generate_Square)
    Get_Key                                  0x08001a45   Thumb Code   300  key.o(i.Get_Key)
    Get_Key_State                            0x08001b75   Thumb Code    72  key.o(i.Get_Key_State)
    Get_Long_Tri                             0x08001bc5   Thumb Code    18  key.o(i.Get_Long_Tri)
    Get_Rise                                 0x08001bdd   Thumb Code    18  key.o(i.Get_Rise)
    Get_Str_Num_Pos                          0x08001bf5   Thumb Code    50  menu.o(i.Get_Str_Num_Pos)
    Get_TIM_Config                           0x08001c29   Thumb Code   100  wave.o(i.Get_TIM_Config)
    Get_Wave_Cycle                           0x08001c95   Thumb Code   262  adc_samp.o(i.Get_Wave_Cycle)
    HAL_ADCEx_Calibration_Start              0x08001db1   Thumb Code   176  stm32f0xx_hal_adc_ex.o(i.HAL_ADCEx_Calibration_Start)
    HAL_ADC_ConfigChannel                    0x08001e61   Thumb Code   292  stm32f0xx_hal_adc.o(i.HAL_ADC_ConfigChannel)
    HAL_ADC_ConvCpltCallback                 0x08001f95   Thumb Code     2  stm32f0xx_hal_adc.o(i.HAL_ADC_ConvCpltCallback)
    HAL_ADC_ConvHalfCpltCallback             0x08001f97   Thumb Code     2  stm32f0xx_hal_adc.o(i.HAL_ADC_ConvHalfCpltCallback)
    HAL_ADC_ErrorCallback                    0x08001f99   Thumb Code     2  stm32f0xx_hal_adc.o(i.HAL_ADC_ErrorCallback)
    HAL_ADC_Init                             0x08001f9d   Thumb Code   368  stm32f0xx_hal_adc.o(i.HAL_ADC_Init)
    HAL_ADC_MspInit                          0x08002115   Thumb Code   126  adc.o(i.HAL_ADC_MspInit)
    HAL_ADC_Start                            0x080021a5   Thumb Code    90  stm32f0xx_hal_adc.o(i.HAL_ADC_Start)
    HAL_ADC_Start_DMA                        0x08002205   Thumb Code   146  stm32f0xx_hal_adc.o(i.HAL_ADC_Start_DMA)
    HAL_ADC_Stop                             0x080022a9   Thumb Code    62  stm32f0xx_hal_adc.o(i.HAL_ADC_Stop)
    HAL_ADC_Stop_DMA                         0x080022e7   Thumb Code   130  stm32f0xx_hal_adc.o(i.HAL_ADC_Stop_DMA)
    HAL_DACEx_ConvCpltCallbackCh2            0x08002369   Thumb Code     2  stm32f0xx_hal_dac_ex.o(i.HAL_DACEx_ConvCpltCallbackCh2)
    HAL_DACEx_ConvHalfCpltCallbackCh2        0x0800236b   Thumb Code     2  stm32f0xx_hal_dac_ex.o(i.HAL_DACEx_ConvHalfCpltCallbackCh2)
    HAL_DACEx_ErrorCallbackCh2               0x0800236d   Thumb Code     2  stm32f0xx_hal_dac_ex.o(i.HAL_DACEx_ErrorCallbackCh2)
    HAL_DAC_ConfigChannel                    0x08002371   Thumb Code    52  stm32f0xx_hal_dac_ex.o(i.HAL_DAC_ConfigChannel)
    HAL_DAC_ConvCpltCallbackCh1              0x080023a9   Thumb Code     2  stm32f0xx_hal_dac.o(i.HAL_DAC_ConvCpltCallbackCh1)
    HAL_DAC_ConvHalfCpltCallbackCh1          0x080023ab   Thumb Code     2  stm32f0xx_hal_dac.o(i.HAL_DAC_ConvHalfCpltCallbackCh1)
    HAL_DAC_ErrorCallbackCh1                 0x080023ad   Thumb Code     2  stm32f0xx_hal_dac.o(i.HAL_DAC_ErrorCallbackCh1)
    HAL_DAC_Init                             0x080023af   Thumb Code    44  stm32f0xx_hal_dac.o(i.HAL_DAC_Init)
    HAL_DAC_MspInit                          0x080023dd   Thumb Code   126  dac.o(i.HAL_DAC_MspInit)
    HAL_DAC_Start_DMA                        0x0800246d   Thumb Code   226  stm32f0xx_hal_dac_ex.o(i.HAL_DAC_Start_DMA)
    HAL_DAC_Stop_DMA                         0x08002569   Thumb Code    86  stm32f0xx_hal_dac.o(i.HAL_DAC_Stop_DMA)
    HAL_DMA_Abort                            0x080025bf   Thumb Code    64  stm32f0xx_hal_dma.o(i.HAL_DMA_Abort)
    HAL_DMA_IRQHandler                       0x080025ff   Thumb Code   170  stm32f0xx_hal_dma.o(i.HAL_DMA_IRQHandler)
    HAL_DMA_Init                             0x080026a9   Thumb Code    76  stm32f0xx_hal_dma.o(i.HAL_DMA_Init)
    HAL_DMA_Start_IT                         0x080026f9   Thumb Code   114  stm32f0xx_hal_dma.o(i.HAL_DMA_Start_IT)
    HAL_Delay                                0x0800276d   Thumb Code    32  stm32f0xx_hal.o(i.HAL_Delay)
    HAL_GPIO_Init                            0x08002791   Thumb Code   322  stm32f0xx_hal_gpio.o(i.HAL_GPIO_Init)
    HAL_GPIO_ReadPin                         0x080028f1   Thumb Code    14  stm32f0xx_hal_gpio.o(i.HAL_GPIO_ReadPin)
    HAL_GPIO_WritePin                        0x080028ff   Thumb Code    12  stm32f0xx_hal_gpio.o(i.HAL_GPIO_WritePin)
    HAL_GetTick                              0x0800290d   Thumb Code     6  stm32f0xx_hal.o(i.HAL_GetTick)
    HAL_IncTick                              0x08002919   Thumb Code    12  stm32f0xx_hal.o(i.HAL_IncTick)
    HAL_Init                                 0x08002929   Thumb Code    26  stm32f0xx_hal.o(i.HAL_Init)
    HAL_InitTick                             0x08002949   Thumb Code    62  stm32f0xx_hal.o(i.HAL_InitTick)
    HAL_MspInit                              0x08002991   Thumb Code    34  stm32f0xx_hal_msp.o(i.HAL_MspInit)
    HAL_NVIC_EnableIRQ                       0x080029b9   Thumb Code    18  stm32f0xx_hal_cortex.o(i.HAL_NVIC_EnableIRQ)
    HAL_NVIC_SetPriority                     0x080029d1   Thumb Code     8  stm32f0xx_hal_cortex.o(i.HAL_NVIC_SetPriority)
    HAL_RCC_ClockConfig                      0x080029d9   Thumb Code   280  stm32f0xx_hal_rcc.o(i.HAL_RCC_ClockConfig)
    HAL_RCC_GetSysClockFreq                  0x08002b05   Thumb Code   144  stm32f0xx_hal_rcc.o(i.HAL_RCC_GetSysClockFreq)
    HAL_RCC_OscConfig                        0x08002bc1   Thumb Code  1186  stm32f0xx_hal_rcc.o(i.HAL_RCC_OscConfig)
    HAL_SPI_Init                             0x08003063   Thumb Code   240  stm32f0xx_hal_spi.o(i.HAL_SPI_Init)
    HAL_SPI_MspInit                          0x08003155   Thumb Code    82  spi.o(i.HAL_SPI_MspInit)
    HAL_SYSTICK_Config                       0x080031b5   Thumb Code    38  stm32f0xx_hal_cortex.o(i.HAL_SYSTICK_Config)
    HAL_TIMEx_BreakCallback                  0x080031e5   Thumb Code     2  stm32f0xx_hal_tim_ex.o(i.HAL_TIMEx_BreakCallback)
    HAL_TIMEx_CommutCallback                 0x080031e7   Thumb Code     2  stm32f0xx_hal_tim_ex.o(i.HAL_TIMEx_CommutCallback)
    HAL_TIMEx_ConfigBreakDeadTime            0x080031e9   Thumb Code    94  stm32f0xx_hal_tim_ex.o(i.HAL_TIMEx_ConfigBreakDeadTime)
    HAL_TIMEx_MasterConfigSynchronization    0x08003249   Thumb Code    84  stm32f0xx_hal_tim_ex.o(i.HAL_TIMEx_MasterConfigSynchronization)
    HAL_TIM_Base_Init                        0x080032a9   Thumb Code    74  stm32f0xx_hal_tim.o(i.HAL_TIM_Base_Init)
    HAL_TIM_Base_MspInit                     0x080032f5   Thumb Code   176  tim.o(i.HAL_TIM_Base_MspInit)
    HAL_TIM_Base_Start                       0x080033bd   Thumb Code    74  stm32f0xx_hal_tim.o(i.HAL_TIM_Base_Start)
    HAL_TIM_Base_Start_IT                    0x08003415   Thumb Code    82  stm32f0xx_hal_tim.o(i.HAL_TIM_Base_Start_IT)
    HAL_TIM_Base_Stop                        0x08003475   Thumb Code    36  stm32f0xx_hal_tim.o(i.HAL_TIM_Base_Stop)
    HAL_TIM_Base_Stop_IT                     0x0800349d   Thumb Code    46  stm32f0xx_hal_tim.o(i.HAL_TIM_Base_Stop_IT)
    HAL_TIM_ConfigClockSource                0x080034d1   Thumb Code   220  stm32f0xx_hal_tim.o(i.HAL_TIM_ConfigClockSource)
    HAL_TIM_IC_CaptureCallback               0x080035ad   Thumb Code     2  stm32f0xx_hal_tim.o(i.HAL_TIM_IC_CaptureCallback)
    HAL_TIM_IRQHandler                       0x080035af   Thumb Code   362  stm32f0xx_hal_tim.o(i.HAL_TIM_IRQHandler)
    HAL_TIM_MspPostInit                      0x08003719   Thumb Code   148  tim.o(i.HAL_TIM_MspPostInit)
    HAL_TIM_OC_DelayElapsedCallback          0x080037bd   Thumb Code     2  stm32f0xx_hal_tim.o(i.HAL_TIM_OC_DelayElapsedCallback)
    HAL_TIM_PWM_ConfigChannel                0x080037bf   Thumb Code   216  stm32f0xx_hal_tim.o(i.HAL_TIM_PWM_ConfigChannel)
    HAL_TIM_PWM_Init                         0x08003897   Thumb Code    74  stm32f0xx_hal_tim.o(i.HAL_TIM_PWM_Init)
    HAL_TIM_PWM_MspInit                      0x080038e1   Thumb Code     2  stm32f0xx_hal_tim.o(i.HAL_TIM_PWM_MspInit)
    HAL_TIM_PWM_PulseFinishedCallback        0x080038e3   Thumb Code     2  stm32f0xx_hal_tim.o(i.HAL_TIM_PWM_PulseFinishedCallback)
    HAL_TIM_PWM_Start                        0x080038e5   Thumb Code   170  stm32f0xx_hal_tim.o(i.HAL_TIM_PWM_Start)
    HAL_TIM_PeriodElapsedCallback            0x080039a5   Thumb Code    30  user.o(i.HAL_TIM_PeriodElapsedCallback)
    HAL_TIM_TriggerCallback                  0x080039cd   Thumb Code     2  stm32f0xx_hal_tim.o(i.HAL_TIM_TriggerCallback)
    HardFault_Handler                        0x080039cf   Thumb Code     2  stm32f0xx_it.o(i.HardFault_Handler)
    Judge_Back_Ground                        0x080039d1   Thumb Code    46  st7789.o(i.Judge_Back_Ground)
    Key_Handle                               0x08003a01   Thumb Code  1836  user.o(i.Key_Handle)
    LCD_Clear                                0x0800416d   Thumb Code    62  st7789.o(i.LCD_Clear)
    LCD_DrawLine                             0x080041b5   Thumb Code   166  st7789.o(i.LCD_DrawLine)
    LCD_DrawPoint                            0x0800425b   Thumb Code    16  st7789.o(i.LCD_DrawPoint)
    LCD_DrawRectangle                        0x0800426b   Thumb Code    72  st7789.o(i.LCD_DrawRectangle)
    LCD_Fill                                 0x080042b5   Thumb Code    72  st7789.o(i.LCD_Fill)
    LCD_Handle                               0x08004305   Thumb Code   132  user.o(i.LCD_Handle)
    LCD_Init                                 0x0800438d   Thumb Code   392  st7789.o(i.LCD_Init)
    LCD_RESET                                0x08004519   Thumb Code    24  st7789.o(i.LCD_RESET)
    LCD_SetCursor                            0x08004535   Thumb Code    12  st7789.o(i.LCD_SetCursor)
    LCD_SetWindows                           0x08004541   Thumb Code   120  st7789.o(i.LCD_SetWindows)
    LCD_ShowChar                             0x080045bd   Thumb Code   166  st7789.o(i.LCD_ShowChar)
    LCD_WR_DATA                              0x0800466d   Thumb Code    26  st7789.o(i.LCD_WR_DATA)
    LCD_WR_REG                               0x0800468d   Thumb Code    26  st7789.o(i.LCD_WR_REG)
    LCD_WriteRAM_Prepare                     0x080046ad   Thumb Code    12  st7789.o(i.LCD_WriteRAM_Prepare)
    LCD_WriteReg                             0x080046bd   Thumb Code    16  st7789.o(i.LCD_WriteReg)
    LCD_direction                            0x080046cd   Thumb Code   110  st7789.o(i.LCD_direction)
    Lcd_WriteData_16Bit                      0x08004741   Thumb Code    32  st7789.o(i.Lcd_WriteData_16Bit)
    MX_ADC_Init                              0x08004765   Thumb Code   122  adc.o(i.MX_ADC_Init)
    MX_DAC_Init                              0x080047e9   Thumb Code    54  dac.o(i.MX_DAC_Init)
    MX_DMA_Init                              0x08004829   Thumb Code    52  dma.o(i.MX_DMA_Init)
    MX_GPIO_Init                             0x08004861   Thumb Code   176  gpio.o(i.MX_GPIO_Init)
    MX_SPI1_Init                             0x08004921   Thumb Code    66  spi.o(i.MX_SPI1_Init)
    MX_TIM15_Init                            0x0800496d   Thumb Code   234  tim.o(i.MX_TIM15_Init)
    MX_TIM16_Init                            0x08004a65   Thumb Code   154  tim.o(i.MX_TIM16_Init)
    MX_TIM1_Init                             0x08004b0d   Thumb Code   100  tim.o(i.MX_TIM1_Init)
    MX_TIM2_Init                             0x08004b7d   Thumb Code   162  tim.o(i.MX_TIM2_Init)
    MX_TIM3_Init                             0x08004c29   Thumb Code    98  tim.o(i.MX_TIM3_Init)
    MX_TIM7_Init                             0x08004c95   Thumb Code    66  tim.o(i.MX_TIM7_Init)
    NMI_Handler                              0x08004ce5   Thumb Code     2  stm32f0xx_it.o(i.NMI_Handler)
    Oscilloscope_Clean                       0x08004ce9   Thumb Code    72  menu.o(i.Oscilloscope_Clean)
    Oscilloscope_Deinit                      0x08004d3d   Thumb Code    22  menu.o(i.Oscilloscope_Deinit)
    Oscilloscope_DrawLine                    0x08004d5d   Thumb Code   232  st7789.o(i.Oscilloscope_DrawLine)
    Oscilloscope_Init                        0x08004e4d   Thumb Code    18  menu.o(i.Oscilloscope_Init)
    Oscilloscope_Interrupt                   0x08004e65   Thumb Code    92  menu.o(i.Oscilloscope_Interrupt)
    Oscilloscope_Show_Information            0x08004ed5   Thumb Code   858  menu.o(i.Oscilloscope_Show_Information)
    Oscilloscope_Show_Wave                   0x0800530d   Thumb Code  1144  menu.o(i.Oscilloscope_Show_Wave)
    Oscilloscope_UI                          0x08005791   Thumb Code    40  menu.o(i.Oscilloscope_UI)
    PWM_Generate_Out                         0x080057cd   Thumb Code   104  wave.o(i.PWM_Generate_Out)
    PWM_Generate_UI                          0x0800583d   Thumb Code   182  menu.o(i.PWM_Generate_UI)
    PWM_Picture_ReDraw                       0x08005931   Thumb Code    44  wave.o(i.PWM_Picture_ReDraw)
    PWM_Show_Information                     0x08005969   Thumb Code   614  menu.o(i.PWM_Show_Information)
    PendSV_Handler                           0x08005c35   Thumb Code     2  stm32f0xx_it.o(i.PendSV_Handler)
    Power_DC_UI                              0x08005c39   Thumb Code   148  menu.o(i.Power_DC_UI)
    Power_Show_Information                   0x08005cd1   Thumb Code   642  menu.o(i.Power_Show_Information)
    Print_Delta                              0x08005f7d   Thumb Code    60  st7789.o(i.Print_Delta)
    Process_FFT_Data                         0x08005fb9   Thumb Code  1190  fft_handle.o(i.Process_FFT_Data)
    SVC_Handler                              0x0800646d   Thumb Code     2  stm32f0xx_it.o(i.SVC_Handler)
    Scan_Wave_Handle                         0x08006471   Thumb Code   322  menu.o(i.Scan_Wave_Handle)
    Set_ADC_Samp_Rate                        0x080065e1   Thumb Code   174  adc_samp.o(i.Set_ADC_Samp_Rate)
    Set_DC1_Out                              0x080066a9   Thumb Code    50  power_dc.o(i.Set_DC1_Out)
    Set_DC2_Out                              0x080066f9   Thumb Code    50  power_dc.o(i.Set_DC2_Out)
    Set_FFT_Samp_Rate                        0x08006749   Thumb Code   176  adc_samp.o(i.Set_FFT_Samp_Rate)
    Set_Saw_Tooth                            0x0800680d   Thumb Code    68  wave.o(i.Set_Saw_Tooth)
    Set_Sine_Wave                            0x08006861   Thumb Code    64  wave.o(i.Set_Sine_Wave)
    Set_Square                               0x080068b1   Thumb Code    68  wave.o(i.Set_Square)
    Set_TIM1_Freq                            0x08006905   Thumb Code   102  adc_samp.o(i.Set_TIM1_Freq)
    Set_TIM3_Freq                            0x0800697d   Thumb Code   210  wave.o(i.Set_TIM3_Freq)
    Set_Wave_Out                             0x08006a6d   Thumb Code    56  wave.o(i.Set_Wave_Out)
    Show_16x32_Char                          0x08006aa5   Thumb Code   108  st7789.o(i.Show_16x32_Char)
    Show_16x32_Str                           0x08006b19   Thumb Code    44  st7789.o(i.Show_16x32_Str)
    Show_60x60_Char                          0x08006b45   Thumb Code   136  st7789.o(i.Show_60x60_Char)
    Show_BitMap_Pic                          0x08006bd5   Thumb Code   160  st7789.o(i.Show_BitMap_Pic)
    Show_Str                                 0x08006c7d   Thumb Code    80  st7789.o(i.Show_Str)
    Spectrum_Init                            0x08006cd1   Thumb Code    12  menu.o(i.Spectrum_Init)
    Spectrum_Show_Information                0x08006cdd   Thumb Code   482  menu.o(i.Spectrum_Show_Information)
    Spectrum_Show_Wave                       0x08006f49   Thumb Code   206  menu.o(i.Spectrum_Show_Wave)
    Spectrum_UI                              0x0800702d   Thumb Code   124  menu.o(i.Spectrum_UI)
    Str_Get_Num                              0x080070c1   Thumb Code    40  menu.o(i.Str_Get_Num)
    SysTick_Handler                          0x080070e9   Thumb Code     8  stm32f0xx_it.o(i.SysTick_Handler)
    SystemClock_Config                       0x080070f1   Thumb Code    98  main.o(i.SystemClock_Config)
    SystemInit                               0x08007153   Thumb Code     2  system_stm32f0xx.o(i.SystemInit)
    System_Change_State                      0x08007155   Thumb Code    50  user.o(i.System_Change_State)
    TIM1_BRK_UP_TRG_COM_IRQHandler           0x080071ad   Thumb Code    10  stm32f0xx_it.o(i.TIM1_BRK_UP_TRG_COM_IRQHandler)
    TIM7_IRQHandler                          0x080071bd   Thumb Code    10  stm32f0xx_it.o(i.TIM7_IRQHandler)
    TIM_Base_SetConfig                       0x080071cd   Thumb Code   124  stm32f0xx_hal_tim.o(i.TIM_Base_SetConfig)
    TIM_CCxChannelCmd                        0x08007261   Thumb Code    26  stm32f0xx_hal_tim.o(i.TIM_CCxChannelCmd)
    TIM_ETR_SetConfig                        0x0800727b   Thumb Code    22  stm32f0xx_hal_tim.o(i.TIM_ETR_SetConfig)
    TIM_OC2_SetConfig                        0x0800732d   Thumb Code   122  stm32f0xx_hal_tim.o(i.TIM_OC2_SetConfig)
    User_ADC_Start_DMA                       0x080074fd   Thumb Code    18  adc_samp.o(i.User_ADC_Start_DMA)
    User_Init                                0x08007515   Thumb Code     8  user.o(i.User_Init)
    User_Loop                                0x0800751d   Thumb Code   128  user.o(i.User_Loop)
    User_SPI_Transmit_16Bit                  0x080075b9   Thumb Code    50  st7789.o(i.User_SPI_Transmit_16Bit)
    User_SPI_Transmit_8Bit                   0x080075eb   Thumb Code    54  st7789.o(i.User_SPI_Transmit_8Bit)
    Wave_Generate_UI                         0x08007621   Thumb Code   140  menu.o(i.Wave_Generate_UI)
    Wave_Saw_Tooth_Pic                       0x080076e9   Thumb Code    24  st7789.o(i.Wave_Saw_Tooth_Pic)
    Wave_Show_Information                    0x08007705   Thumb Code   942  menu.o(i.Wave_Show_Information)
    Wave_Sine_Pic                            0x08007b2d   Thumb Code    24  st7789.o(i.Wave_Sine_Pic)
    Wave_Square_Pic                          0x08007b49   Thumb Code    24  st7789.o(i.Wave_Square_Pic)
    __0sprintf                               0x08007b65   Thumb Code    36  printfa.o(i.__0sprintf)
    __1sprintf                               0x08007b65   Thumb Code     0  printfa.o(i.__0sprintf)
    __2sprintf                               0x08007b65   Thumb Code     0  printfa.o(i.__0sprintf)
    __c89sprintf                             0x08007b65   Thumb Code     0  printfa.o(i.__0sprintf)
    sprintf                                  0x08007b65   Thumb Code     0  printfa.o(i.__0sprintf)
    __ARM_clz                                0x08007b8d   Thumb Code    46  fastmathfunctions.o(i.__ARM_clz)
    __ARM_common_ll_muluu                    0x08007bbb   Thumb Code    48  stm32f0xx_hal_rcc.o(i.__ARM_common_ll_muluu)
    __ARM_common_switch8                     0x08007beb   Thumb Code    26  stm32f0xx_hal_dma.o(i.__ARM_common_switch8)
    __ARM_fpclassify                         0x08007c05   Thumb Code    40  fpclassify.o(i.__ARM_fpclassify)
    __ieee754_rem_pio2                       0x08007c75   Thumb Code   838  rred.o(i.__ieee754_rem_pio2)
    __kernel_cos                             0x08008011   Thumb Code   224  cos_i.o(i.__kernel_cos)
    __kernel_poly                            0x08008105   Thumb Code   172  poly.o(i.__kernel_poly)
    __kernel_sin                             0x080081b1   Thumb Code   222  sin_i.o(i.__kernel_sin)
    __mathlib_dbl_infnan                     0x0800829d   Thumb Code    10  dunder.o(i.__mathlib_dbl_infnan)
    __mathlib_dbl_invalid                    0x080082a7   Thumb Code    16  dunder.o(i.__mathlib_dbl_invalid)
    __mathlib_dbl_underflow                  0x080082b9   Thumb Code    14  dunder.o(i.__mathlib_dbl_underflow)
    __scatterload_copy                       0x080082cd   Thumb Code    14  handlers.o(i.__scatterload_copy)
    __scatterload_null                       0x080082db   Thumb Code     2  handlers.o(i.__scatterload_null)
    __scatterload_zeroinit                   0x080082dd   Thumb Code    14  handlers.o(i.__scatterload_zeroinit)
    __set_errno                              0x080082ed   Thumb Code     6  errno.o(i.__set_errno)
    arm_bitreversal_32                       0x08008bb3   Thumb Code    62  transformfunctions.o(i.arm_bitreversal_32)
    arm_cfft_f32                             0x08008bf1   Thumb Code   206  transformfunctions.o(i.arm_cfft_f32)
    arm_cfft_radix8by2_f32                   0x08008cbf   Thumb Code   602  transformfunctions.o(i.arm_cfft_radix8by2_f32)
    arm_cfft_radix8by4_f32                   0x08008f19   Thumb Code  1740  transformfunctions.o(i.arm_cfft_radix8by4_f32)
    arm_cmplx_mag_f32                        0x080095e5   Thumb Code    70  complexmathfunctions.o(i.arm_cmplx_mag_f32)
    arm_max_f32                              0x0800962b   Thumb Code    58  statisticsfunctions.o(i.arm_max_f32)
    arm_radix8_butterfly_f32                 0x08009665   Thumb Code  2310  transformfunctions.o(i.arm_radix8_butterfly_f32)
    main                                     0x08009f71   Thumb Code    62  main.o(i.main)
    sin                                      0x08009fb1   Thumb Code   146  sin.o(i.sin)
    sqrtf                                    0x0800a04d   Thumb Code    44  sqrtf.o(i.sqrtf)
    AHBPrescTable                            0x0800a078   Data          16  system_stm32f0xx.o(.constdata)
    asc2_1608                                0x0800a088   Data        1520  st7789.o(.constdata)
    Saw_Tooth_Pic                            0x0800a678   Data         512  st7789.o(.constdata)
    Square_Pic                               0x0800a878   Data         512  st7789.o(.constdata)
    Sine_Pic                                 0x0800aa78   Data         512  st7789.o(.constdata)
    Font60x60                                0x0800ac78   Data        3120  st7789.o(.constdata)
    Font16x32                                0x0800b8a8   Data        6144  st7789.o(.constdata)
    twiddleCoef_256                          0x0800d2f4   Data        2048  commontables.o(.constdata)
    armBitRevIndexTable256                   0x0800daf4   Data         880  commontables.o(.constdata)
    arm_cfft_sR_f32_len256                   0x0800de64   Data          16  commontables.o(.constdata)
    Region$$Table$$Base                      0x0800df98   Number         0  anon$$obj.o(Region$$Table)
    Region$$Table$$Limit                     0x0800dfb8   Number         0  anon$$obj.o(Region$$Table)
    uwTickFreq                               0x20000000   Data           1  stm32f0xx_hal.o(.data)
    uwTickPrio                               0x20000004   Data           4  stm32f0xx_hal.o(.data)
    uwTick                                   0x20000008   Data           4  stm32f0xx_hal.o(.data)
    SystemCoreClock                          0x2000000c   Data           4  system_stm32f0xx.o(.data)
    System                                   0x20000010   Data           1  user.o(.data)
    Page_Init                                0x20000011   Data           1  user.o(.data)
    LCD_Clean_Flag                           0x20000012   Data           1  user.o(.data)
    Wave_Change_Flag                         0x20000013   Data           1  user.o(.data)
    PWM_Change_Flag                          0x20000014   Data           1  user.o(.data)
    Power_DC_Flag                            0x20000015   Data           1  user.o(.data)
    System_Select                            0x20000016   Data           5  user.o(.data)
    Tri_Edge                                 0x20000020   Data           1  adc_samp.o(.data)
    Tri_Source                               0x20000021   Data           1  adc_samp.o(.data)
    ADC_Samp_Ok                              0x20000022   Data           1  adc_samp.o(.data)
    Time_Div                                 0x20000023   Data           1  adc_samp.o(.data)
    Freq_Div                                 0x20000024   Data           1  adc_samp.o(.data)
    Scan_Show                                0x20000025   Data           1  adc_samp.o(.data)
    Un_Scan_Init                             0x20000026   Data           1  adc_samp.o(.data)
    FFT_State_Change                         0x20000027   Data           1  adc_samp.o(.data)
    FFT_Init                                 0x20000028   Data           1  adc_samp.o(.data)
    Tri_Voltage                              0x2000002c   Data           2  adc_samp.o(.data)
    Best_Tri                                 0x2000002e   Data           2  adc_samp.o(.data)
    Tri_Pos                                  0x20000030   Data           2  adc_samp.o(.data)
    ADC_Scan_Value                           0x20000032   Data           4  adc_samp.o(.data)
    ADC_Max                                  0x20000036   Data           4  adc_samp.o(.data)
    ADC_Min                                  0x2000003a   Data           4  adc_samp.o(.data)
    ADC_Sum                                  0x20000040   Data           8  adc_samp.o(.data)
    Time_Arr                                 0x20000048   Data         144  adc_samp.o(.data)
    FFT_Select                               0x200000d8   Data          32  adc_samp.o(.data)
    Voltage_Div                              0x200000f8   Data           1  adc_samp.o(.data)
    Freq_Voltage_Div                         0x200000f9   Data           1  adc_samp.o(.data)
    Show_Cnt                                 0x200000fc   Data           1  menu.o(.data)
    Wave_Vpp_Select                          0x200000fd   Data           1  menu.o(.data)
    Wave_Freq_Select                         0x200000fe   Data           1  menu.o(.data)
    Wave_Offset_Select                       0x200000ff   Data           1  menu.o(.data)
    Wave_Freq_Level                          0x20000100   Data           1  menu.o(.data)
    Freq_Max_Num                             0x20000101   Data           1  menu.o(.data)
    PWM_Freq_Select                          0x20000102   Data           1  menu.o(.data)
    PWM_Duty_Select                          0x20000103   Data           1  menu.o(.data)
    PWM_Freq_Level                           0x20000104   Data           1  menu.o(.data)
    PWM_Freq_Max_Num                         0x20000105   Data           1  menu.o(.data)
    Power_Select                             0x20000106   Data           1  menu.o(.data)
    Power_voltage_Select                     0x20000107   Data           1  menu.o(.data)
    DC1_State                                0x20000108   Data           1  menu.o(.data)
    DC2_State                                0x20000109   Data           1  menu.o(.data)
    Scan_Cnt                                 0x2000010e   Data           2  menu.o(.data)
    Scan_Cnt_Buffer                          0x20000110   Data           2  menu.o(.data)
    Oscilloscope_Clean_Flag                  0x20000112   Data           2  menu.o(.data)
    DC1_Voltage                              0x20000118   Data           4  menu.o(.data)
    DC2_Voltage                              0x2000011c   Data           4  menu.o(.data)
    PWM_Info                                 0x20000128   Data           8  menu.o(.data)
    Wave_Info                                0x20000130   Data          20  menu.o(.data)
    Power_Out_Select                         0x20000144   Data           1  menu.o(.data)
    Wave_Point                               0x20000148   Data           2  wave.o(.data)
    FFT_Max                                  0x20000150   Data           4  fft_handle.o(.data)
    FFT_Max_Index                            0x20000154   Data           4  fft_handle.o(.data)
    FFT_Freq_Sum                             0x20000158   Data           4  fft_handle.o(.data)
    FFT_Freq                                 0x2000015c   Data           8  fft_handle.o(.data)
    sConfig                                  0x20000168   Data          12  adc.o(.bss)
    hadc                                     0x20000174   Data          64  adc.o(.bss)
    hdma_adc                                 0x200001b4   Data          68  adc.o(.bss)
    hdac                                     0x200001f8   Data          20  dac.o(.bss)
    hdma_dac_ch1                             0x2000020c   Data          68  dac.o(.bss)
    hspi1                                    0x20000250   Data         100  spi.o(.bss)
    htim1                                    0x200002b4   Data          72  tim.o(.bss)
    htim2                                    0x200002fc   Data          72  tim.o(.bss)
    htim3                                    0x20000344   Data          72  tim.o(.bss)
    htim7                                    0x2000038c   Data          72  tim.o(.bss)
    htim15                                   0x200003d4   Data          72  tim.o(.bss)
    htim16                                   0x2000041c   Data          72  tim.o(.bss)
    lcddev                                   0x20000464   Data          16  st7789.o(.bss)
    ADC_Show                                 0x200004f0   Data        2800  adc_samp.o(.bss)
    ADC_Value                                0x20000fe0   Data        2800  adc_samp.o(.bss)
    FFT_Samp                                 0x20001ad0   Data        1024  adc_samp.o(.bss)
    ADC_Cycle                                0x20001ed0   Data          16  adc_samp.o(.bss)
    ADC_Scan_Samp                            0x20001ee0   Data         920  menu.o(.bss)
    Show_Buffer                              0x20002278   Data        1840  menu.o(.bss)
    Key_State                                0x200029a8   Data          60  key.o(.bss)
    Wave_Result                              0x200029e4   Data         720  wave.o(.bss)
    Wave_Buffer                              0x20002cb4   Data         720  wave.o(.bss)
    FFT_Handle_Buffer                        0x20002f84   Data        2048  fft_handle.o(.bss)
    __initial_sp                             0x20003b88   Data           0  startup_stm32f072xb.o(STACK)



==============================================================================

Memory Map of the image

  Image Entry point : 0x080000c1

  Load Region LR_IROM1 (Base: 0x08000000, Size: 0x0000e120, Max: 0x00020000, ABSOLUTE, COMPRESSED[0x0000e058])

    Execution Region ER_IROM1 (Exec base: 0x08000000, Load base: 0x08000000, Size: 0x0000dfb8, Max: 0x00020000, ABSOLUTE)

    Exec Addr    Load Addr    Size         Type   Attr      Idx    E Section Name        Object

    0x08000000   0x08000000   0x000000c0   Data   RO            3    RESET               startup_stm32f072xb.o
    0x080000c0   0x080000c0   0x00000000   Code   RO         9567  * .ARM.Collect$$$$00000000  mc_p.l(entry.o)
    0x080000c0   0x080000c0   0x00000004   Code   RO         9948    .ARM.Collect$$$$00000001  mc_p.l(entry2.o)
    0x080000c4   0x080000c4   0x00000004   Code   RO         9951    .ARM.Collect$$$$00000004  mc_p.l(entry5.o)
    0x080000c8   0x080000c8   0x00000000   Code   RO         9953    .ARM.Collect$$$$00000008  mc_p.l(entry7b.o)
    0x080000c8   0x080000c8   0x00000000   Code   RO         9955    .ARM.Collect$$$$0000000A  mc_p.l(entry8b.o)
    0x080000c8   0x080000c8   0x00000008   Code   RO         9956    .ARM.Collect$$$$0000000B  mc_p.l(entry9a.o)
    0x080000d0   0x080000d0   0x00000004   Code   RO         9963    .ARM.Collect$$$$0000000E  mc_p.l(entry12b.o)
    0x080000d4   0x080000d4   0x00000000   Code   RO         9958    .ARM.Collect$$$$0000000F  mc_p.l(entry10a.o)
    0x080000d4   0x080000d4   0x00000000   Code   RO         9960    .ARM.Collect$$$$00000011  mc_p.l(entry11a.o)
    0x080000d4   0x080000d4   0x00000004   Code   RO         9949    .ARM.Collect$$$$00002712  mc_p.l(entry2.o)
    0x080000d8   0x080000d8   0x0000001c   Code   RO            4    .text               startup_stm32f072xb.o
    0x080000f4   0x080000f4   0x0000002c   Code   RO         9570    .text               mc_p.l(uidiv.o)
    0x08000120   0x08000120   0x00000028   Code   RO         9572    .text               mc_p.l(idiv.o)
    0x08000148   0x08000148   0x00000060   Code   RO         9574    .text               mc_p.l(uldiv.o)
    0x080001a8   0x080001a8   0x00000020   Code   RO         9580    .text               mc_p.l(llshl.o)
    0x080001c8   0x080001c8   0x00000022   Code   RO         9582    .text               mc_p.l(llushr.o)
    0x080001ea   0x080001ea   0x00000026   Code   RO         9584    .text               mc_p.l(llsshr.o)
    0x08000210   0x08000210   0x00000024   Code   RO         9586    .text               mc_p.l(memcpya.o)
    0x08000234   0x08000234   0x00000024   Code   RO         9588    .text               mc_p.l(memseta.o)
    0x08000258   0x08000258   0x0000000e   Code   RO         9590    .text               mc_p.l(strlen.o)
    0x08000266   0x08000266   0x000000b2   Code   RO         9855    .text               mf_p.l(fadd.o)
    0x08000318   0x08000318   0x0000007a   Code   RO         9857    .text               mf_p.l(fmul.o)
    0x08000392   0x08000392   0x0000007c   Code   RO         9859    .text               mf_p.l(fdiv.o)
    0x0800040e   0x0800040e   0x00000002   PAD
    0x08000410   0x08000410   0x00000168   Code   RO         9863    .text               mf_p.l(dadd.o)
    0x08000578   0x08000578   0x000000d0   Code   RO         9865    .text               mf_p.l(dmul.o)
    0x08000648   0x08000648   0x000000f0   Code   RO         9867    .text               mf_p.l(ddiv.o)
    0x08000738   0x08000738   0x0000002c   Code   RO         9869    .text               mf_p.l(dscalb.o)
    0x08000764   0x08000764   0x0000000e   Code   RO         9873    .text               mf_p.l(ffltui.o)
    0x08000772   0x08000772   0x00000002   PAD
    0x08000774   0x08000774   0x00000028   Code   RO         9875    .text               mf_p.l(dflti.o)
    0x0800079c   0x0800079c   0x0000001c   Code   RO         9877    .text               mf_p.l(dfltui.o)
    0x080007b8   0x080007b8   0x00000028   Code   RO         9881    .text               mf_p.l(ffixui.o)
    0x080007e0   0x080007e0   0x00000048   Code   RO         9885    .text               mf_p.l(dfixi.o)
    0x08000828   0x08000828   0x0000003c   Code   RO         9887    .text               mf_p.l(dfixui.o)
    0x08000864   0x08000864   0x00000028   Code   RO         9889    .text               mf_p.l(f2d.o)
    0x0800088c   0x0800088c   0x00000028   Code   RO         9891    .text               mf_p.l(cdcmple.o)
    0x080008b4   0x080008b4   0x00000028   Code   RO         9893    .text               mf_p.l(cdrcmple.o)
    0x080008dc   0x080008dc   0x00000038   Code   RO         9895    .text               mf_p.l(d2f.o)
    0x08000914   0x08000914   0x00000014   Code   RO         9897    .text               mf_p.l(cfcmple.o)
    0x08000928   0x08000928   0x00000000   Code   RO         9974    .text               mc_p.l(iusefp.o)
    0x08000928   0x08000928   0x00000082   Code   RO         9975    .text               mf_p.l(fepilogue.o)
    0x080009aa   0x080009aa   0x00000058   Code   RO         9977    .text               mf_p.l(fsqrt.o)
    0x08000a02   0x08000a02   0x000000be   Code   RO         9981    .text               mf_p.l(depilogue.o)
    0x08000ac0   0x08000ac0   0x00000040   Code   RO         9985    .text               mf_p.l(dfixul.o)
    0x08000b00   0x08000b00   0x00000024   Code   RO         9993    .text               mc_p.l(init.o)
    0x08000b24   0x08000b24   0x00000056   Code   RO        10005    .text               mc_p.l(__dczerorl2.o)
    0x08000b7a   0x08000b7a   0x00000052   Code   RO          611    i.ADC_ConversionStop  stm32f0xx_hal_adc.o
    0x08000bcc   0x08000bcc   0x0000006c   Code   RO          612    i.ADC_DMAConvCplt   stm32f0xx_hal_adc.o
    0x08000c38   0x08000c38   0x0000001a   Code   RO          613    i.ADC_DMAError      stm32f0xx_hal_adc.o
    0x08000c52   0x08000c52   0x0000000a   Code   RO          614    i.ADC_DMAHalfConvCplt  stm32f0xx_hal_adc.o
    0x08000c5c   0x08000c5c   0x0000005c   Code   RO         4204    i.ADC_DMA_Finish    adc_samp.o
    0x08000cb8   0x08000cb8   0x0000014c   Code   RO         4205    i.ADC_Data_Handle   adc_samp.o
    0x08000e04   0x08000e04   0x00000076   Code   RO          615    i.ADC_Disable       stm32f0xx_hal_adc.o
    0x08000e7a   0x08000e7a   0x00000002   PAD
    0x08000e7c   0x08000e7c   0x0000009c   Code   RO          616    i.ADC_Enable        stm32f0xx_hal_adc.o
    0x08000f18   0x08000f18   0x00000010   Code   RO         4206    i.ADC_Samp_Init     adc_samp.o
    0x08000f28   0x08000f28   0x00000010   Code   RO         2452    i.DAC_DMAConvCpltCh1  stm32f0xx_hal_dac_ex.o
    0x08000f38   0x08000f38   0x00000010   Code   RO         2453    i.DAC_DMAConvCpltCh2  stm32f0xx_hal_dac_ex.o
    0x08000f48   0x08000f48   0x00000018   Code   RO         2454    i.DAC_DMAErrorCh1   stm32f0xx_hal_dac_ex.o
    0x08000f60   0x08000f60   0x00000018   Code   RO         2455    i.DAC_DMAErrorCh2   stm32f0xx_hal_dac_ex.o
    0x08000f78   0x08000f78   0x0000000a   Code   RO         2456    i.DAC_DMAHalfConvCpltCh1  stm32f0xx_hal_dac_ex.o
    0x08000f82   0x08000f82   0x0000000a   Code   RO         2457    i.DAC_DMAHalfConvCpltCh2  stm32f0xx_hal_dac_ex.o
    0x08000f8c   0x08000f8c   0x00000010   Code   RO          519    i.DMA1_Channel1_IRQHandler  stm32f0xx_it.o
    0x08000f9c   0x08000f9c   0x00000010   Code   RO          520    i.DMA1_Channel2_3_IRQHandler  stm32f0xx_it.o
    0x08000fac   0x08000fac   0x00000024   Code   RO         1715    i.DMA_CalcBaseAndBitshift  stm32f0xx_hal_dma.o
    0x08000fd0   0x08000fd0   0x0000002a   Code   RO         1716    i.DMA_SetConfig     stm32f0xx_hal_dma.o
    0x08000ffa   0x08000ffa   0x000000ca   Code   RO         3930    i.Draw_4_Circle     st7789.o
    0x080010c4   0x080010c4   0x0000009c   Code   RO         3932    i.Draw_Circle_Square  st7789.o
    0x08001160   0x08001160   0x00000084   Code   RO         4294    i.Draw_PWM_Picture  menu.o
    0x080011e4   0x080011e4   0x00000004   Code   RO           12    i.Error_Handler     main.o
    0x080011e8   0x080011e8   0x0000003c   Code   RO         4207    i.FFT_ADC_Handle    adc_samp.o
    0x08001224   0x08001224   0x0000003c   Code   RO         4208    i.FFT_Deinit        adc_samp.o
    0x08001260   0x08001260   0x00000018   Code   RO         4209    i.FFT_Samp_Init     adc_samp.o
    0x08001278   0x08001278   0x00000450   Code   RO         4509    i.Generate_Saw_Tooth  wave.o
    0x080016c8   0x080016c8   0x00000170   Code   RO         4510    i.Generate_Sine     wave.o
    0x08001838   0x08001838   0x0000020c   Code   RO         4511    i.Generate_Square   wave.o
    0x08001a44   0x08001a44   0x00000130   Code   RO         4446    i.Get_Key           key.o
    0x08001b74   0x08001b74   0x00000050   Code   RO         4447    i.Get_Key_State     key.o
    0x08001bc4   0x08001bc4   0x00000018   Code   RO         4449    i.Get_Long_Tri      key.o
    0x08001bdc   0x08001bdc   0x00000018   Code   RO         4451    i.Get_Rise          key.o
    0x08001bf4   0x08001bf4   0x00000032   Code   RO         4295    i.Get_Str_Num_Pos   menu.o
    0x08001c26   0x08001c26   0x00000002   PAD
    0x08001c28   0x08001c28   0x0000006c   Code   RO         4512    i.Get_TIM_Config    wave.o
    0x08001c94   0x08001c94   0x0000011c   Code   RO         4210    i.Get_Wave_Cycle    adc_samp.o
    0x08001db0   0x08001db0   0x000000b0   Code   RO          787    i.HAL_ADCEx_Calibration_Start  stm32f0xx_hal_adc_ex.o
    0x08001e60   0x08001e60   0x00000134   Code   RO          618    i.HAL_ADC_ConfigChannel  stm32f0xx_hal_adc.o
    0x08001f94   0x08001f94   0x00000002   Code   RO          619    i.HAL_ADC_ConvCpltCallback  stm32f0xx_hal_adc.o
    0x08001f96   0x08001f96   0x00000002   Code   RO          620    i.HAL_ADC_ConvHalfCpltCallback  stm32f0xx_hal_adc.o
    0x08001f98   0x08001f98   0x00000002   Code   RO          622    i.HAL_ADC_ErrorCallback  stm32f0xx_hal_adc.o
    0x08001f9a   0x08001f9a   0x00000002   PAD
    0x08001f9c   0x08001f9c   0x00000178   Code   RO          627    i.HAL_ADC_Init      stm32f0xx_hal_adc.o
    0x08002114   0x08002114   0x00000090   Code   RO          312    i.HAL_ADC_MspInit   adc.o
    0x080021a4   0x080021a4   0x00000060   Code   RO          633    i.HAL_ADC_Start     stm32f0xx_hal_adc.o
    0x08002204   0x08002204   0x000000a4   Code   RO          634    i.HAL_ADC_Start_DMA  stm32f0xx_hal_adc.o
    0x080022a8   0x080022a8   0x0000003e   Code   RO          636    i.HAL_ADC_Stop      stm32f0xx_hal_adc.o
    0x080022e6   0x080022e6   0x00000082   Code   RO          637    i.HAL_ADC_Stop_DMA  stm32f0xx_hal_adc.o
    0x08002368   0x08002368   0x00000002   Code   RO         2458    i.HAL_DACEx_ConvCpltCallbackCh2  stm32f0xx_hal_dac_ex.o
    0x0800236a   0x0800236a   0x00000002   Code   RO         2459    i.HAL_DACEx_ConvHalfCpltCallbackCh2  stm32f0xx_hal_dac_ex.o
    0x0800236c   0x0800236c   0x00000002   Code   RO         2463    i.HAL_DACEx_ErrorCallbackCh2  stm32f0xx_hal_dac_ex.o
    0x0800236e   0x0800236e   0x00000002   PAD
    0x08002370   0x08002370   0x00000038   Code   RO         2466    i.HAL_DAC_ConfigChannel  stm32f0xx_hal_dac_ex.o
    0x080023a8   0x080023a8   0x00000002   Code   RO         2331    i.HAL_DAC_ConvCpltCallbackCh1  stm32f0xx_hal_dac.o
    0x080023aa   0x080023aa   0x00000002   Code   RO         2332    i.HAL_DAC_ConvHalfCpltCallbackCh1  stm32f0xx_hal_dac.o
    0x080023ac   0x080023ac   0x00000002   Code   RO         2335    i.HAL_DAC_ErrorCallbackCh1  stm32f0xx_hal_dac.o
    0x080023ae   0x080023ae   0x0000002c   Code   RO         2340    i.HAL_DAC_Init      stm32f0xx_hal_dac.o
    0x080023da   0x080023da   0x00000002   PAD
    0x080023dc   0x080023dc   0x00000090   Code   RO          350    i.HAL_DAC_MspInit   dac.o
    0x0800246c   0x0800246c   0x000000fc   Code   RO         2470    i.HAL_DAC_Start_DMA  stm32f0xx_hal_dac_ex.o
    0x08002568   0x08002568   0x00000056   Code   RO         2347    i.HAL_DAC_Stop_DMA  stm32f0xx_hal_dac.o
    0x080025be   0x080025be   0x00000040   Code   RO         1717    i.HAL_DMA_Abort     stm32f0xx_hal_dma.o
    0x080025fe   0x080025fe   0x000000aa   Code   RO         1722    i.HAL_DMA_IRQHandler  stm32f0xx_hal_dma.o
    0x080026a8   0x080026a8   0x00000050   Code   RO         1723    i.HAL_DMA_Init      stm32f0xx_hal_dma.o
    0x080026f8   0x080026f8   0x00000072   Code   RO         1727    i.HAL_DMA_Start_IT  stm32f0xx_hal_dma.o
    0x0800276a   0x0800276a   0x00000002   PAD
    0x0800276c   0x0800276c   0x00000024   Code   RO          992    i.HAL_Delay         stm32f0xx_hal.o
    0x08002790   0x08002790   0x00000160   Code   RO         1656    i.HAL_GPIO_Init     stm32f0xx_hal_gpio.o
    0x080028f0   0x080028f0   0x0000000e   Code   RO         1658    i.HAL_GPIO_ReadPin  stm32f0xx_hal_gpio.o
    0x080028fe   0x080028fe   0x0000000c   Code   RO         1660    i.HAL_GPIO_WritePin  stm32f0xx_hal_gpio.o
    0x0800290a   0x0800290a   0x00000002   PAD
    0x0800290c   0x0800290c   0x0000000c   Code   RO          996    i.HAL_GetTick       stm32f0xx_hal.o
    0x08002918   0x08002918   0x00000010   Code   RO         1002    i.HAL_IncTick       stm32f0xx_hal.o
    0x08002928   0x08002928   0x00000020   Code   RO         1003    i.HAL_Init          stm32f0xx_hal.o
    0x08002948   0x08002948   0x00000048   Code   RO         1004    i.HAL_InitTick      stm32f0xx_hal.o
    0x08002990   0x08002990   0x00000028   Code   RO          591    i.HAL_MspInit       stm32f0xx_hal_msp.o
    0x080029b8   0x080029b8   0x00000018   Code   RO         1815    i.HAL_NVIC_EnableIRQ  stm32f0xx_hal_cortex.o
    0x080029d0   0x080029d0   0x00000008   Code   RO         1819    i.HAL_NVIC_SetPriority  stm32f0xx_hal_cortex.o
    0x080029d8   0x080029d8   0x0000012c   Code   RO          808    i.HAL_RCC_ClockConfig  stm32f0xx_hal_rcc.o
    0x08002b04   0x08002b04   0x000000bc   Code   RO          816    i.HAL_RCC_GetSysClockFreq  stm32f0xx_hal_rcc.o
    0x08002bc0   0x08002bc0   0x000004a2   Code   RO          819    i.HAL_RCC_OscConfig  stm32f0xx_hal_rcc.o
    0x08003062   0x08003062   0x000000f0   Code   RO         2588    i.HAL_SPI_Init      stm32f0xx_hal_spi.o
    0x08003152   0x08003152   0x00000002   PAD
    0x08003154   0x08003154   0x00000060   Code   RO          408    i.HAL_SPI_MspInit   spi.o
    0x080031b4   0x080031b4   0x00000030   Code   RO         1823    i.HAL_SYSTICK_Config  stm32f0xx_hal_cortex.o
    0x080031e4   0x080031e4   0x00000002   Code   RO         3633    i.HAL_TIMEx_BreakCallback  stm32f0xx_hal_tim_ex.o
    0x080031e6   0x080031e6   0x00000002   Code   RO         3634    i.HAL_TIMEx_CommutCallback  stm32f0xx_hal_tim_ex.o
    0x080031e8   0x080031e8   0x0000005e   Code   RO         3636    i.HAL_TIMEx_ConfigBreakDeadTime  stm32f0xx_hal_tim_ex.o
    0x08003246   0x08003246   0x00000002   PAD
    0x08003248   0x08003248   0x00000060   Code   RO         3652    i.HAL_TIMEx_MasterConfigSynchronization  stm32f0xx_hal_tim_ex.o
    0x080032a8   0x080032a8   0x0000004a   Code   RO         2922    i.HAL_TIM_Base_Init  stm32f0xx_hal_tim.o
    0x080032f2   0x080032f2   0x00000002   PAD
    0x080032f4   0x080032f4   0x000000c8   Code   RO          446    i.HAL_TIM_Base_MspInit  tim.o
    0x080033bc   0x080033bc   0x00000058   Code   RO         2925    i.HAL_TIM_Base_Start  stm32f0xx_hal_tim.o
    0x08003414   0x08003414   0x00000060   Code   RO         2927    i.HAL_TIM_Base_Start_IT  stm32f0xx_hal_tim.o
    0x08003474   0x08003474   0x00000028   Code   RO         2928    i.HAL_TIM_Base_Stop  stm32f0xx_hal_tim.o
    0x0800349c   0x0800349c   0x00000034   Code   RO         2930    i.HAL_TIM_Base_Stop_IT  stm32f0xx_hal_tim.o
    0x080034d0   0x080034d0   0x000000dc   Code   RO         2931    i.HAL_TIM_ConfigClockSource  stm32f0xx_hal_tim.o
    0x080035ac   0x080035ac   0x00000002   Code   RO         2956    i.HAL_TIM_IC_CaptureCallback  stm32f0xx_hal_tim.o
    0x080035ae   0x080035ae   0x0000016a   Code   RO         2970    i.HAL_TIM_IRQHandler  stm32f0xx_hal_tim.o
    0x08003718   0x08003718   0x000000a4   Code   RO          447    i.HAL_TIM_MspPostInit  tim.o
    0x080037bc   0x080037bc   0x00000002   Code   RO         2973    i.HAL_TIM_OC_DelayElapsedCallback  stm32f0xx_hal_tim.o
    0x080037be   0x080037be   0x000000d8   Code   RO         2994    i.HAL_TIM_PWM_ConfigChannel  stm32f0xx_hal_tim.o
    0x08003896   0x08003896   0x0000004a   Code   RO         2997    i.HAL_TIM_PWM_Init  stm32f0xx_hal_tim.o
    0x080038e0   0x080038e0   0x00000002   Code   RO         2999    i.HAL_TIM_PWM_MspInit  stm32f0xx_hal_tim.o
    0x080038e2   0x080038e2   0x00000002   Code   RO         3000    i.HAL_TIM_PWM_PulseFinishedCallback  stm32f0xx_hal_tim.o
    0x080038e4   0x080038e4   0x000000c0   Code   RO         3002    i.HAL_TIM_PWM_Start  stm32f0xx_hal_tim.o
    0x080039a4   0x080039a4   0x00000028   Code   RO         4146    i.HAL_TIM_PeriodElapsedCallback  user.o
    0x080039cc   0x080039cc   0x00000002   Code   RO         3013    i.HAL_TIM_TriggerCallback  stm32f0xx_hal_tim.o
    0x080039ce   0x080039ce   0x00000002   Code   RO          521    i.HardFault_Handler  stm32f0xx_it.o
    0x080039d0   0x080039d0   0x0000002e   Code   RO         3933    i.Judge_Back_Ground  st7789.o
    0x080039fe   0x080039fe   0x00000002   PAD
    0x08003a00   0x08003a00   0x0000076c   Code   RO         4147    i.Key_Handle        user.o
    0x0800416c   0x0800416c   0x00000048   Code   RO         3934    i.LCD_Clear         st7789.o
    0x080041b4   0x080041b4   0x000000a6   Code   RO         3935    i.LCD_DrawLine      st7789.o
    0x0800425a   0x0800425a   0x00000010   Code   RO         3936    i.LCD_DrawPoint     st7789.o
    0x0800426a   0x0800426a   0x00000048   Code   RO         3937    i.LCD_DrawRectangle  st7789.o
    0x080042b2   0x080042b2   0x00000002   PAD
    0x080042b4   0x080042b4   0x00000050   Code   RO         3938    i.LCD_Fill          st7789.o
    0x08004304   0x08004304   0x00000088   Code   RO         4148    i.LCD_Handle        user.o
    0x0800438c   0x0800438c   0x0000018c   Code   RO         3939    i.LCD_Init          st7789.o
    0x08004518   0x08004518   0x0000001c   Code   RO         3940    i.LCD_RESET         st7789.o
    0x08004534   0x08004534   0x0000000c   Code   RO         3941    i.LCD_SetCursor     st7789.o
    0x08004540   0x08004540   0x0000007c   Code   RO         3942    i.LCD_SetWindows    st7789.o
    0x080045bc   0x080045bc   0x000000b0   Code   RO         3943    i.LCD_ShowChar      st7789.o
    0x0800466c   0x0800466c   0x00000020   Code   RO         3944    i.LCD_WR_DATA       st7789.o
    0x0800468c   0x0800468c   0x00000020   Code   RO         3945    i.LCD_WR_REG        st7789.o
    0x080046ac   0x080046ac   0x00000010   Code   RO         3946    i.LCD_WriteRAM_Prepare  st7789.o
    0x080046bc   0x080046bc   0x00000010   Code   RO         3947    i.LCD_WriteReg      st7789.o
    0x080046cc   0x080046cc   0x00000074   Code   RO         3948    i.LCD_direction     st7789.o
    0x08004740   0x08004740   0x00000024   Code   RO         3949    i.Lcd_WriteData_16Bit  st7789.o
    0x08004764   0x08004764   0x00000084   Code   RO          313    i.MX_ADC_Init       adc.o
    0x080047e8   0x080047e8   0x00000040   Code   RO          351    i.MX_DAC_Init       dac.o
    0x08004828   0x08004828   0x00000038   Code   RO          387    i.MX_DMA_Init       dma.o
    0x08004860   0x08004860   0x000000c0   Code   RO          291    i.MX_GPIO_Init      gpio.o
    0x08004920   0x08004920   0x0000004c   Code   RO          409    i.MX_SPI1_Init      spi.o
    0x0800496c   0x0800496c   0x000000f8   Code   RO          448    i.MX_TIM15_Init     tim.o
    0x08004a64   0x08004a64   0x000000a8   Code   RO          449    i.MX_TIM16_Init     tim.o
    0x08004b0c   0x08004b0c   0x00000070   Code   RO          450    i.MX_TIM1_Init      tim.o
    0x08004b7c   0x08004b7c   0x000000ac   Code   RO          451    i.MX_TIM2_Init      tim.o
    0x08004c28   0x08004c28   0x0000006c   Code   RO          452    i.MX_TIM3_Init      tim.o
    0x08004c94   0x08004c94   0x00000050   Code   RO          453    i.MX_TIM7_Init      tim.o
    0x08004ce4   0x08004ce4   0x00000002   Code   RO          522    i.NMI_Handler       stm32f0xx_it.o
    0x08004ce6   0x08004ce6   0x00000002   PAD
    0x08004ce8   0x08004ce8   0x00000054   Code   RO         4296    i.Oscilloscope_Clean  menu.o
    0x08004d3c   0x08004d3c   0x00000020   Code   RO         4297    i.Oscilloscope_Deinit  menu.o
    0x08004d5c   0x08004d5c   0x000000f0   Code   RO         3950    i.Oscilloscope_DrawLine  st7789.o
    0x08004e4c   0x08004e4c   0x00000018   Code   RO         4298    i.Oscilloscope_Init  menu.o
    0x08004e64   0x08004e64   0x00000070   Code   RO         4299    i.Oscilloscope_Interrupt  menu.o
    0x08004ed4   0x08004ed4   0x00000438   Code   RO         4300    i.Oscilloscope_Show_Information  menu.o
    0x0800530c   0x0800530c   0x00000484   Code   RO         4301    i.Oscilloscope_Show_Wave  menu.o
    0x08005790   0x08005790   0x0000003c   Code   RO         4302    i.Oscilloscope_UI   menu.o
    0x080057cc   0x080057cc   0x00000070   Code   RO         4513    i.PWM_Generate_Out  wave.o
    0x0800583c   0x0800583c   0x000000f4   Code   RO         4303    i.PWM_Generate_UI   menu.o
    0x08005930   0x08005930   0x00000038   Code   RO         4514    i.PWM_Picture_ReDraw  wave.o
    0x08005968   0x08005968   0x000002cc   Code   RO         4304    i.PWM_Show_Information  menu.o
    0x08005c34   0x08005c34   0x00000002   Code   RO          523    i.PendSV_Handler    stm32f0xx_it.o
    0x08005c36   0x08005c36   0x00000002   PAD
    0x08005c38   0x08005c38   0x00000098   Code   RO         4305    i.Power_DC_UI       menu.o
    0x08005cd0   0x08005cd0   0x000002ac   Code   RO         4306    i.Power_Show_Information  menu.o
    0x08005f7c   0x08005f7c   0x0000003c   Code   RO         3951    i.Print_Delta       st7789.o
    0x08005fb8   0x08005fb8   0x000004b4   Code   RO         4630    i.Process_FFT_Data  fft_handle.o
    0x0800646c   0x0800646c   0x00000002   Code   RO          524    i.SVC_Handler       stm32f0xx_it.o
    0x0800646e   0x0800646e   0x00000002   PAD
    0x08006470   0x08006470   0x00000170   Code   RO         4307    i.Scan_Wave_Handle  menu.o
    0x080065e0   0x080065e0   0x000000c8   Code   RO         4211    i.Set_ADC_Samp_Rate  adc_samp.o
    0x080066a8   0x080066a8   0x00000050   Code   RO         4600    i.Set_DC1_Out       power_dc.o
    0x080066f8   0x080066f8   0x00000050   Code   RO         4601    i.Set_DC2_Out       power_dc.o
    0x08006748   0x08006748   0x000000c4   Code   RO         4212    i.Set_FFT_Samp_Rate  adc_samp.o
    0x0800680c   0x0800680c   0x00000054   Code   RO         4515    i.Set_Saw_Tooth     wave.o
    0x08006860   0x08006860   0x00000050   Code   RO         4516    i.Set_Sine_Wave     wave.o
    0x080068b0   0x080068b0   0x00000054   Code   RO         4517    i.Set_Square        wave.o
    0x08006904   0x08006904   0x00000078   Code   RO         4213    i.Set_TIM1_Freq     adc_samp.o
    0x0800697c   0x0800697c   0x000000f0   Code   RO         4518    i.Set_TIM3_Freq     wave.o
    0x08006a6c   0x08006a6c   0x00000038   Code   RO         4519    i.Set_Wave_Out      wave.o
    0x08006aa4   0x08006aa4   0x00000074   Code   RO         3952    i.Show_16x32_Char   st7789.o
    0x08006b18   0x08006b18   0x0000002c   Code   RO         3953    i.Show_16x32_Str    st7789.o
    0x08006b44   0x08006b44   0x00000090   Code   RO         3954    i.Show_60x60_Char   st7789.o
    0x08006bd4   0x08006bd4   0x000000a8   Code   RO         3955    i.Show_BitMap_Pic   st7789.o
    0x08006c7c   0x08006c7c   0x00000054   Code   RO         3956    i.Show_Str          st7789.o
    0x08006cd0   0x08006cd0   0x0000000c   Code   RO         4308    i.Spectrum_Init     menu.o
    0x08006cdc   0x08006cdc   0x0000026c   Code   RO         4309    i.Spectrum_Show_Information  menu.o
    0x08006f48   0x08006f48   0x000000e4   Code   RO         4310    i.Spectrum_Show_Wave  menu.o
    0x0800702c   0x0800702c   0x00000094   Code   RO         4311    i.Spectrum_UI       menu.o
    0x080070c0   0x080070c0   0x00000028   Code   RO         4312    i.Str_Get_Num       menu.o
    0x080070e8   0x080070e8   0x00000008   Code   RO          525    i.SysTick_Handler   stm32f0xx_it.o
    0x080070f0   0x080070f0   0x00000062   Code   RO           13    i.SystemClock_Config  main.o
    0x08007152   0x08007152   0x00000002   Code   RO         3897    i.SystemInit        system_stm32f0xx.o
    0x08007154   0x08007154   0x00000058   Code   RO         4149    i.System_Change_State  user.o
    0x080071ac   0x080071ac   0x00000010   Code   RO          526    i.TIM1_BRK_UP_TRG_COM_IRQHandler  stm32f0xx_it.o
    0x080071bc   0x080071bc   0x00000010   Code   RO          527    i.TIM7_IRQHandler   stm32f0xx_it.o
    0x080071cc   0x080071cc   0x00000094   Code   RO         3015    i.TIM_Base_SetConfig  stm32f0xx_hal_tim.o
    0x08007260   0x08007260   0x0000001a   Code   RO         3016    i.TIM_CCxChannelCmd  stm32f0xx_hal_tim.o
    0x0800727a   0x0800727a   0x00000016   Code   RO         3026    i.TIM_ETR_SetConfig  stm32f0xx_hal_tim.o
    0x08007290   0x08007290   0x00000010   Code   RO         3027    i.TIM_ITRx_SetConfig  stm32f0xx_hal_tim.o
    0x080072a0   0x080072a0   0x0000008c   Code   RO         3028    i.TIM_OC1_SetConfig  stm32f0xx_hal_tim.o
    0x0800732c   0x0800732c   0x0000008c   Code   RO         3029    i.TIM_OC2_SetConfig  stm32f0xx_hal_tim.o
    0x080073b8   0x080073b8   0x00000088   Code   RO         3030    i.TIM_OC3_SetConfig  stm32f0xx_hal_tim.o
    0x08007440   0x08007440   0x00000074   Code   RO         3031    i.TIM_OC4_SetConfig  stm32f0xx_hal_tim.o
    0x080074b4   0x080074b4   0x00000022   Code   RO         3033    i.TIM_TI1_ConfigInputStage  stm32f0xx_hal_tim.o
    0x080074d6   0x080074d6   0x00000026   Code   RO         3035    i.TIM_TI2_ConfigInputStage  stm32f0xx_hal_tim.o
    0x080074fc   0x080074fc   0x00000018   Code   RO         4214    i.User_ADC_Start_DMA  adc_samp.o
    0x08007514   0x08007514   0x00000008   Code   RO         4150    i.User_Init         user.o
    0x0800751c   0x0800751c   0x0000009c   Code   RO         4151    i.User_Loop         user.o
    0x080075b8   0x080075b8   0x00000032   Code   RO         3957    i.User_SPI_Transmit_16Bit  st7789.o
    0x080075ea   0x080075ea   0x00000036   Code   RO         3958    i.User_SPI_Transmit_8Bit  st7789.o
    0x08007620   0x08007620   0x000000c8   Code   RO         4313    i.Wave_Generate_UI  menu.o
    0x080076e8   0x080076e8   0x0000001c   Code   RO         3959    i.Wave_Saw_Tooth_Pic  st7789.o
    0x08007704   0x08007704   0x00000428   Code   RO         4314    i.Wave_Show_Information  menu.o
    0x08007b2c   0x08007b2c   0x0000001c   Code   RO         3960    i.Wave_Sine_Pic     st7789.o
    0x08007b48   0x08007b48   0x0000001c   Code   RO         3961    i.Wave_Square_Pic   st7789.o
    0x08007b64   0x08007b64   0x00000028   Code   RO         9829    i.__0sprintf        mc_p.l(printfa.o)
    0x08007b8c   0x08007b8c   0x0000002e   Code   RO         6117    i.__ARM_clz         fastmathfunctions.o
    0x08007bba   0x08007bba   0x00000030   Code   RO          894    i.__ARM_common_ll_muluu  stm32f0xx_hal_rcc.o
    0x08007bea   0x08007bea   0x0000001a   Code   RO         1806    i.__ARM_common_switch8  stm32f0xx_hal_dma.o
    0x08007c04   0x08007c04   0x0000002c   Code   RO         9991    i.__ARM_fpclassify  m_ps.l(fpclassify.o)
    0x08007c30   0x08007c30   0x00000044   Code   RO         1825    i.__NVIC_SetPriority  stm32f0xx_hal_cortex.o
    0x08007c74   0x08007c74   0x0000039c   Code   RO         9937    i.__ieee754_rem_pio2  m_ps.l(rred.o)
    0x08008010   0x08008010   0x000000f4   Code   RO         9901    i.__kernel_cos      m_ps.l(cos_i.o)
    0x08008104   0x08008104   0x000000ac   Code   RO         9934    i.__kernel_poly     m_ps.l(poly.o)
    0x080081b0   0x080081b0   0x000000ec   Code   RO         9942    i.__kernel_sin      m_ps.l(sin_i.o)
    0x0800829c   0x0800829c   0x0000000a   Code   RO         9905    i.__mathlib_dbl_infnan  m_ps.l(dunder.o)
    0x080082a6   0x080082a6   0x00000010   Code   RO         9907    i.__mathlib_dbl_invalid  m_ps.l(dunder.o)
    0x080082b6   0x080082b6   0x00000002   PAD
    0x080082b8   0x080082b8   0x00000014   Code   RO         9910    i.__mathlib_dbl_underflow  m_ps.l(dunder.o)
    0x080082cc   0x080082cc   0x0000000e   Code   RO         9999    i.__scatterload_copy  mc_p.l(handlers.o)
    0x080082da   0x080082da   0x00000002   Code   RO        10000    i.__scatterload_null  mc_p.l(handlers.o)
    0x080082dc   0x080082dc   0x0000000e   Code   RO        10001    i.__scatterload_zeroinit  mc_p.l(handlers.o)
    0x080082ea   0x080082ea   0x00000002   PAD
    0x080082ec   0x080082ec   0x0000000c   Code   RO         9969    i.__set_errno       mc_p.l(errno.o)
    0x080082f8   0x080082f8   0x00000174   Code   RO         9834    i._fp_digits        mc_p.l(printfa.o)
    0x0800846c   0x0800846c   0x000006f0   Code   RO         9835    i._printf_core      mc_p.l(printfa.o)
    0x08008b5c   0x08008b5c   0x00000020   Code   RO         9836    i._printf_post_padding  mc_p.l(printfa.o)
    0x08008b7c   0x08008b7c   0x0000002c   Code   RO         9837    i._printf_pre_padding  mc_p.l(printfa.o)
    0x08008ba8   0x08008ba8   0x0000000a   Code   RO         9839    i._sputc            mc_p.l(printfa.o)
    0x08008bb2   0x08008bb2   0x0000003e   Code   RO         8796    i.arm_bitreversal_32  transformfunctions.o
    0x08008bf0   0x08008bf0   0x000000ce   Code   RO         8801    i.arm_cfft_f32      transformfunctions.o
    0x08008cbe   0x08008cbe   0x0000025a   Code   RO         8826    i.arm_cfft_radix8by2_f32  transformfunctions.o
    0x08008f18   0x08008f18   0x000006cc   Code   RO         8827    i.arm_cfft_radix8by4_f32  transformfunctions.o
    0x080095e4   0x080095e4   0x00000046   Code   RO         5490    i.arm_cmplx_mag_f32  complexmathfunctions.o
    0x0800962a   0x0800962a   0x0000003a   Code   RO         8003    i.arm_max_f32       statisticsfunctions.o
    0x08009664   0x08009664   0x0000090c   Code   RO         8847    i.arm_radix8_butterfly_f32  transformfunctions.o
    0x08009f70   0x08009f70   0x0000003e   Code   RO           14    i.main              main.o
    0x08009fae   0x08009fae   0x00000002   PAD
    0x08009fb0   0x08009fb0   0x0000009c   Code   RO         9536    i.sin               m_ps.l(sin.o)
    0x0800a04c   0x0800a04c   0x0000002c   Code   RO         9552    i.sqrtf             m_ps.l(sqrtf.o)
    0x0800a078   0x0800a078   0x00000010   Data   RO         3898    .constdata          system_stm32f0xx.o
    0x0800a088   0x0800a088   0x00003020   Data   RO         3963    .constdata          st7789.o
    0x0800d0a8   0x0800d0a8   0x000000c8   Data   RO         4153    .constdata          user.o
    0x0800d170   0x0800d170   0x00000166   Data   RO         4316    .constdata          menu.o
    0x0800d2d6   0x0800d2d6   0x00000002   PAD
    0x0800d2d8   0x0800d2d8   0x0000001c   Data   RO         4632    .constdata          fft_handle.o
    0x0800d2f4   0x0800d2f4   0x00000800   Data   RO         5259    .constdata          commontables.o
    0x0800daf4   0x0800daf4   0x00000370   Data   RO         5295    .constdata          commontables.o
    0x0800de64   0x0800de64   0x00000010   Data   RO         5373    .constdata          commontables.o
    0x0800de74   0x0800de74   0x00000004   PAD
    0x0800de78   0x0800de78   0x00000030   Data   RO         9902    .constdata          m_ps.l(cos_i.o)
    0x0800dea8   0x0800dea8   0x000000c8   Data   RO         9939    .constdata          m_ps.l(rred.o)
    0x0800df70   0x0800df70   0x00000028   Data   RO         9943    .constdata          m_ps.l(sin_i.o)
    0x0800df98   0x0800df98   0x00000020   Data   RO         9997    Region$$Table       anon$$obj.o


    Execution Region RW_IRAM1 (Exec base: 0x20000000, Load base: 0x0800dfb8, Size: 0x00003b88, Max: 0x00004000, ABSOLUTE, COMPRESSED[0x000000a0])

    Exec Addr    Load Addr    Size         Type   Attr      Idx    E Section Name        Object

    0x20000000   COMPRESSED   0x0000000c   Data   RW         1010    .data               stm32f0xx_hal.o
    0x2000000c   COMPRESSED   0x00000004   Data   RW         3900    .data               system_stm32f0xx.o
    0x20000010   COMPRESSED   0x0000000b   Data   RW         4154    .data               user.o
    0x2000001b   COMPRESSED   0x00000005   PAD
    0x20000020   COMPRESSED   0x000000d8   Data   RW         4216    .data               adc_samp.o
    0x200000f8   COMPRESSED   0x00000001   Data   RW         4217    .data               adc_samp.o
    0x200000f9   COMPRESSED   0x00000001   Data   RW         4218    .data               adc_samp.o
    0x200000fa   COMPRESSED   0x00000002   PAD
    0x200000fc   COMPRESSED   0x00000048   Data   RW         4317    .data               menu.o
    0x20000144   COMPRESSED   0x00000001   Data   RW         4318    .data               menu.o
    0x20000145   COMPRESSED   0x00000003   PAD
    0x20000148   COMPRESSED   0x00000008   Data   RW         4522    .data               wave.o
    0x20000150   COMPRESSED   0x00000014   Data   RW         4633    .data               fft_handle.o
    0x20000164   COMPRESSED   0x00000004   Data   RW         9970    .data               mc_p.l(errno.o)
    0x20000168        -       0x00000090   Zero   RW          314    .bss                adc.o
    0x200001f8        -       0x00000058   Zero   RW          352    .bss                dac.o
    0x20000250        -       0x00000064   Zero   RW          410    .bss                spi.o
    0x200002b4        -       0x000001b0   Zero   RW          454    .bss                tim.o
    0x20000464        -       0x00000010   Zero   RW         3962    .bss                st7789.o
    0x20000474        -       0x00000078   Zero   RW         4152    .bss                user.o
    0x200004ec   COMPRESSED   0x00000004   PAD
    0x200004f0        -       0x000019f0   Zero   RW         4215    .bss                adc_samp.o
    0x20001ee0        -       0x00000ac8   Zero   RW         4315    .bss                menu.o
    0x200029a8        -       0x0000003c   Zero   RW         4452    .bss                key.o
    0x200029e4        -       0x000005a0   Zero   RW         4521    .bss                wave.o
    0x20002f84        -       0x00000800   Zero   RW         4631    .bss                fft_handle.o
    0x20003784   COMPRESSED   0x00000004   PAD
    0x20003788        -       0x00000400   Zero   RW            1    STACK               startup_stm32f072xb.o


==============================================================================

Image component sizes


      Code (inc. data)   RO Data    RW Data    ZI Data      Debug   Object Name

       276         28          0          0        144       1648   adc.o
      1408        166          0        218       6640       8033   adc_samp.o
         0          0       2944          0          0      13439   commontables.o
        70          0          0          0          0       2092   complexmathfunctions.o
       208         28          0          0         88       1588   dac.o
        56          4          0          0          0        678   dma.o
        46          0          0          0          0         60   fastmathfunctions.o
      1204         94         28         20       2048       1907   fft_handle.o
       192         16          0          0          0        911   gpio.o
       432         24          0          0         60       2540   key.o
       164          0          0          0          0     484992   main.o
      7206       1008        358         73       2760      17061   menu.o
       160         60          0          0          0        948   power_dc.o
       172         24          0          0        100       1505   spi.o
      2838        114      12320          0         16      23544   st7789.o
        28          8        192          0       1024        608   startup_stm32f072xb.o
        58          0          0          0          0       1366   statisticsfunctions.o
       168         30          0         12          0       8369   stm32f0xx_hal.o
      1642         62          0          0          0      11071   stm32f0xx_hal_adc.o
       176          0          0          0          0       1330   stm32f0xx_hal_adc_ex.o
       148         24          0          0          0      10265   stm32f0xx_hal_cortex.o
       136          0          0          0          0       3329   stm32f0xx_hal_dac.o
       414         30          0          0          0       7161   stm32f0xx_hal_dac_ex.o
       532         14          0          0          0       4751   stm32f0xx_hal_dma.o
       378         30          0          0          0       2911   stm32f0xx_hal_gpio.o
        40          6          0          0          0        758   stm32f0xx_hal_msp.o
      1722         80          0          0          0       4964   stm32f0xx_hal_rcc.o
       240          0          0          0          0       1171   stm32f0xx_hal_spi.o
      2240        152          0          0          0      17564   stm32f0xx_hal_tim.o
       194         12          0          0          0       3181   stm32f0xx_hal_tim_ex.o
        80         24          0          0          0       3750   stm32f0xx_it.o
         2          0         16          4          0       1031   system_stm32f0xx.o
      1252        114          0          0        432       5645   tim.o
      4926         10          0          0          0       9769   transformfunctions.o
      2328        234        200         11        120       5931   user.o
      2816        378          0          8       1440       8360   wave.o

    ----------------------------------------------------------------------
     33984       2774      16096        356      14880     674231   Object Totals
         0          0         32          0          0          0   (incl. Generated)
        32          0          6         10          8          0   (incl. Padding)

    ----------------------------------------------------------------------

      Code (inc. data)   RO Data    RW Data    ZI Data      Debug   Library Member Name

       244         20         48          0          0         92   cos_i.o
        46          6          0          0          0        204   dunder.o
        44          4          0          0          0         60   fpclassify.o
       172          0          0          0          0         76   poly.o
       924         86        200          0          0        120   rred.o
       156         10          0          0          0        104   sin.o
       236         14         40          0          0        100   sin_i.o
        44          0          0          0          0         72   sqrtf.o
        86          0          0          0          0          0   __dczerorl2.o
         0          0          0          0          0          0   entry.o
         0          0          0          0          0          0   entry10a.o
         0          0          0          0          0          0   entry11a.o
         4          0          0          0          0          0   entry12b.o
         8          4          0          0          0          0   entry2.o
         4          0          0          0          0          0   entry5.o
         0          0          0          0          0          0   entry7b.o
         0          0          0          0          0          0   entry8b.o
         8          4          0          0          0          0   entry9a.o
        12          6          0          4          0         60   errno.o
        30          0          0          0          0          0   handlers.o
        40          0          0          0          0         72   idiv.o
        36          8          0          0          0         68   init.o
         0          0          0          0          0          0   iusefp.o
        32          0          0          0          0         68   llshl.o
        38          0          0          0          0         68   llsshr.o
        34          0          0          0          0         68   llushr.o
        36          0          0          0          0         60   memcpya.o
        36          0          0          0          0        100   memseta.o
      2274         94          0          0          0        472   printfa.o
        14          0          0          0          0         60   strlen.o
        44          0          0          0          0         72   uidiv.o
        96          0          0          0          0         84   uldiv.o
        40          2          0          0          0         68   cdcmple.o
        40          2          0          0          0         68   cdrcmple.o
        20          0          0          0          0         68   cfcmple.o
        56          0          0          0          0         68   d2f.o
       360          6          0          0          0        140   dadd.o
       240          6          0          0          0         84   ddiv.o
       190          0          0          0          0        156   depilogue.o
        72         10          0          0          0         72   dfixi.o
        60         10          0          0          0         68   dfixui.o
        64         10          0          0          0         68   dfixul.o
        40          6          0          0          0         68   dflti.o
        28          4          0          0          0         68   dfltui.o
       208          6          0          0          0         88   dmul.o
        44          0          0          0          0         72   dscalb.o
        40          0          0          0          0         60   f2d.o
       178          0          0          0          0        108   fadd.o
       124          0          0          0          0         72   fdiv.o
       130          0          0          0          0        144   fepilogue.o
        40          0          0          0          0         60   ffixui.o
        14          0          0          0          0         68   ffltui.o
       122          0          0          0          0         72   fmul.o
        88          0          0          0          0         72   fsqrt.o

    ----------------------------------------------------------------------
      6904        318        288          4          0       3892   Library Totals
         8          0          0          0          0          0   (incl. Padding)

    ----------------------------------------------------------------------

      Code (inc. data)   RO Data    RW Data    ZI Data      Debug   Library Name

      1866        140        288          0          0        828   m_ps.l
      2832        116          0          4          0       1252   mc_p.l
      2198         62          0          0          0       1812   mf_p.l

    ----------------------------------------------------------------------
      6904        318        288          4          0       3892   Library Totals

    ----------------------------------------------------------------------

==============================================================================


      Code (inc. data)   RO Data    RW Data    ZI Data      Debug   

     40888       3092      16384        360      14880     667191   Grand Totals
     40888       3092      16384        160      14880     667191   ELF Image Totals (compressed)
     40888       3092      16384        160          0          0   ROM Totals

==============================================================================

    Total RO  Size (Code + RO Data)                57272 (  55.93kB)
    Total RW  Size (RW Data + ZI Data)             15240 (  14.88kB)
    Total ROM Size (Code + RO Data + RW Data)      57432 (  56.09kB)

==============================================================================

